Archive member included to satisfy reference by file (symbol)

.\CortexM3\ARM_GCC_541\Debug\PSoC_Project.a(EEPROM.o)
                              .\CortexM3\ARM_GCC_541\Debug\main.o (EEPROM_Start)
.\CortexM3\ARM_GCC_541\Debug\PSoC_Project.a(isr_dac.o)
                              .\CortexM3\ARM_GCC_541\Debug\user_inputs.o (isr_dac_Enable)
.\CortexM3\ARM_GCC_541\Debug\PSoC_Project.a(isr_adc.o)
                              .\CortexM3\ARM_GCC_541\Debug\user_inputs.o (isr_adc_Enable)
.\CortexM3\ARM_GCC_541\Debug\PSoC_Project.a(isr_adcAmp.o)
                              .\CortexM3\ARM_GCC_541\Debug\user_inputs.o (isr_adcAmp_GetState)
.\CortexM3\ARM_GCC_541\Debug\PSoC_Project.a(AMux_TIA_resistor_bypass.o)
                              .\CortexM3\ARM_GCC_541\Debug\hardware_management.o (AMux_TIA_resistor_bypass_Start)
.\CortexM3\ARM_GCC_541\Debug\PSoC_Project.a(IDAC_calibrate.o)
                              .\CortexM3\ARM_GCC_541\Debug\TIA_calibrate.o (IDAC_calibrate_Stop)
.\CortexM3\ARM_GCC_541\Debug\PSoC_Project.a(AMux_TIA_input.o)
                              .\CortexM3\ARM_GCC_541\Debug\hardware_management.o (AMux_TIA_input_Start)
.\CortexM3\ARM_GCC_541\Debug\PSoC_Project.a(VDAC_TIA.o)
                              .\CortexM3\ARM_GCC_541\Debug\hardware_management.o (VDAC_TIA_Start)
.\CortexM3\ARM_GCC_541\Debug\PSoC_Project.a(VDAC_TIA_PM.o)
                              .\CortexM3\ARM_GCC_541\Debug\TIA_calibrate.o (VDAC_TIA_Sleep)
.\CortexM3\ARM_GCC_541\Debug\PSoC_Project.a(TIA.o)
                              .\CortexM3\ARM_GCC_541\Debug\main.o (TIA_SetResFB)
.\CortexM3\ARM_GCC_541\Debug\PSoC_Project.a(TIA_PM.o)
                              .\CortexM3\ARM_GCC_541\Debug\TIA_calibrate.o (TIA_Sleep)
.\CortexM3\ARM_GCC_541\Debug\PSoC_Project.a(UART_BT.o)
                              .\CortexM3\ARM_GCC_541\Debug\main.o (UART_BT_Start)
.\CortexM3\ARM_GCC_541\Debug\PSoC_Project.a(Opamp_Aux.o)
                              .\CortexM3\ARM_GCC_541\Debug\main.o (Opamp_Aux_Start)
.\CortexM3\ARM_GCC_541\Debug\PSoC_Project.a(Opamp_Aux_PM.o)
                              .\CortexM3\ARM_GCC_541\Debug\hardware_management.o (Opamp_Aux_Sleep)
.\CortexM3\ARM_GCC_541\Debug\PSoC_Project.a(AMux_electrode.o)
                              .\CortexM3\ARM_GCC_541\Debug\hardware_management.o (AMux_electrode_Start)
.\CortexM3\ARM_GCC_541\Debug\PSoC_Project.a(AMux_V_source.o)
                              .\CortexM3\ARM_GCC_541\Debug\hardware_management.o (AMux_V_source_Start)
.\CortexM3\ARM_GCC_541\Debug\PSoC_Project.a(DVDAC.o)
                              .\CortexM3\ARM_GCC_541\Debug\DAC_management.o (DVDAC_Start)
.\CortexM3\ARM_GCC_541\Debug\PSoC_Project.a(DVDAC_PM.o)
                              .\CortexM3\ARM_GCC_541\Debug\DAC_management.o (DVDAC_Sleep)
.\CortexM3\ARM_GCC_541\Debug\PSoC_Project.a(VDAC_source.o)
                              .\CortexM3\ARM_GCC_541\Debug\hardware_management.o (VDAC_source_Stop)
.\CortexM3\ARM_GCC_541\Debug\PSoC_Project.a(VDAC_source_PM.o)
                              .\CortexM3\ARM_GCC_541\Debug\DAC_management.o (VDAC_source_Sleep)
.\CortexM3\ARM_GCC_541\Debug\PSoC_Project.a(PWM_isr.o)
                              .\CortexM3\ARM_GCC_541\Debug\user_inputs.o (PWM_isr_WritePeriod)
.\CortexM3\ARM_GCC_541\Debug\PSoC_Project.a(PWM_isr_PM.o)
                              .\CortexM3\ARM_GCC_541\Debug\user_inputs.o (PWM_isr_Sleep)
.\CortexM3\ARM_GCC_541\Debug\PSoC_Project.a(UART_BT_IntClock.o)
                              .\CortexM3\ARM_GCC_541\Debug\PSoC_Project.a(UART_BT.o) (UART_BT_IntClock_Start)
.\CortexM3\ARM_GCC_541\Debug\PSoC_Project.a(DVDAC_DMA_dma.o)
                              .\CortexM3\ARM_GCC_541\Debug\PSoC_Project.a(DVDAC.o) (DVDAC_DMA_DmaInitialize)
.\CortexM3\ARM_GCC_541\Debug\PSoC_Project.a(DVDAC_VDAC8.o)
                              .\CortexM3\ARM_GCC_541\Debug\PSoC_Project.a(DVDAC.o) (DVDAC_VDAC8_Enable)
.\CortexM3\ARM_GCC_541\Debug\PSoC_Project.a(DVDAC_VDAC8_PM.o)
                              .\CortexM3\ARM_GCC_541\Debug\PSoC_Project.a(DVDAC_PM.o) (DVDAC_VDAC8_SaveConfig)
.\CortexM3\ARM_GCC_541\Debug\PSoC_Project.a(DVDAC_IntClock.o)
                              .\CortexM3\ARM_GCC_541\Debug\PSoC_Project.a(DVDAC.o) (DVDAC_IntClock_Start)
.\CortexM3\ARM_GCC_541\Debug\PSoC_Project.a(CyDmac.o)
                              .\CortexM3\ARM_GCC_541\Debug\Cm3Start.o (CyDmacConfigure)
.\CortexM3\ARM_GCC_541\Debug\PSoC_Project.a(CyFlash.o)
                              .\CortexM3\ARM_GCC_541\Debug\PSoC_Project.a(EEPROM.o) (dieTemperature)
.\CortexM3\ARM_GCC_541\Debug\PSoC_Project.a(CyLib.o)
                              .\CortexM3\ARM_GCC_541\Debug\Cm3Start.o (CyHalt)
.\CortexM3\ARM_GCC_541\Debug\PSoC_Project.a(cyPm.o)
                              .\CortexM3\ARM_GCC_541\Debug\PSoC_Project.a(CyLib.o) (CyPmReadStatus)
.\CortexM3\ARM_GCC_541\Debug\PSoC_Project.a(CySpc.o)
[...]
Memory Configuration

Name             Origin             Length             Attributes
rom              0x00000000         0x00040000         xr
ram              0x1fff8000         0x00010000         xrw
*default*        0x00000000         0xffffffff

Linker script and memory map

LOAD c:/program files (x86)/cypress/psoc creator/4.4/psoc creator/import/gnu/arm/5.4.1/bin/../lib/gcc/arm-none-eabi/5.4.1/armv7-m/crti.o
LOAD c:/program files (x86)/cypress/psoc creator/4.4/psoc creator/import/gnu/arm/5.4.1/bin/../lib/gcc/arm-none-eabi/5.4.1/armv7-m/crtbegin.o
LOAD c:/program files (x86)/cypress/psoc creator/4.4/psoc creator/import/gnu/arm/5.4.1/bin/../lib/gcc/arm-none-eabi/5.4.1/../../../../arm-none-eabi/lib/armv7-m/crt0.o
START GROUP
LOAD .\CortexM3\ARM_GCC_541\Debug\main.o
LOAD .\CortexM3\ARM_GCC_541\Debug\TIA_calibrate.o
LOAD .\CortexM3\ARM_GCC_541\Debug\user_inputs.o
LOAD .\CortexM3\ARM_GCC_541\Debug\hardware_management.o
LOAD .\CortexM3\ARM_GCC_541\Debug\parametric_lut.o
LOAD .\CortexM3\ARM_GCC_541\Debug\DAC_management.o
LOAD .\CortexM3\ARM_GCC_541\Debug\BT_protocols.o
LOAD .\CortexM3\ARM_GCC_541\Debug\cyfitter_cfg.o
LOAD .\CortexM3\ARM_GCC_541\Debug\cymetadata.o
LOAD .\CortexM3\ARM_GCC_541\Debug\Cm3Start.o
LOAD .\CortexM3\ARM_GCC_541\Debug\PSoC_Project.a
LOAD C:\Program Files (x86)\Cypress\PSoC Creator\4.4\PSoC Creator\psoc\content\cycomponentlibrary\CyComponentLibrary.cylib\CortexM3\ARM_GCC_541\Debug\CyComponentLibrary.a
END GROUP
START GROUP
LOAD c:/program files (x86)/cypress/psoc creator/4.4/psoc creator/import/gnu/arm/5.4.1/bin/../lib/gcc/arm-none-eabi/5.4.1/armv7-m\libgcc.a
LOAD c:/program files (x86)/cypress/psoc creator/4.4/psoc creator/import/gnu/arm/5.4.1/bin/../lib/gcc/arm-none-eabi/5.4.1/../../../../arm-none-eabi/lib/armv7-m\libg_nano.a
LOAD c:/program files (x86)/cypress/psoc creator/4.4/psoc creator/import/gnu/arm/5.4.1/bin/../lib/gcc/arm-none-eabi/5.4.1/../../../../arm-none-eabi/lib/armv7-m\libc_nano.a
END GROUP
START GROUP
LOAD c:/program files (x86)/cypress/psoc creator/4.4/psoc creator/import/gnu/arm/5.4.1/bin/../lib/gcc/arm-none-eabi/5.4.1/armv7-m\libgcc.a
LOAD c:/program files (x86)/cypress/psoc creator/4.4/psoc creator/import/gnu/arm/5.4.1/bin/../lib/gcc/arm-none-eabi/5.4.1/../../../../arm-none-eabi/lib/armv7-m\libc_nano.a
END GROUP
LOAD c:/program files (x86)/cypress/psoc creator/4.4/psoc creator/import/gnu/arm/5.4.1/bin/../lib/gcc/arm-none-eabi/5.4.1/armv7-m/crtend.o
LOAD c:/program files (x86)/cypress/psoc creator/4.4/psoc creator/import/gnu/arm/5.4.1/bin/../lib/gcc/arm-none-eabi/5.4.1/armv7-m/crtn.o
START GROUP
LOAD c:/program files (x86)/cypress/psoc creator/4.4/psoc creator/import/gnu/arm/5.4.1/bin/../lib/gcc/arm-none-eabi/5.4.1/armv7-m\libgcc.a
LOAD c:/program files (x86)/cypress/psoc creator/4.4/psoc creator/import/gnu/arm/5.4.1/bin/../lib/gcc/arm-none-eabi/5.4.1/../../../../arm-none-eabi/lib/armv7-m\libc.a
LOAD c:/program files (x86)/cypress/psoc creator/4.4/psoc creator/import/gnu/arm/5.4.1/bin/../lib/gcc/arm-none-eabi/5.4.1/../../../../arm-none-eabi/lib/armv7-m\libnosys.a
END GROUP
                0x00000000                CY_APPL_ORIGIN = 0x0
                0x00000100                CY_FLASH_ROW_SIZE = 0x100
                0x00000020                CY_ECC_ROW_SIZE = 0x20
                0x00000000                CY_EE_IN_BTLDR = 0x0
                0x00000000                CY_APPL_LOADABLE = 0x0
                0x00000800                CY_EE_SIZE = 0x800
                0x00000001                CY_APPL_NUM = 0x1
                0x00000001                CY_APPL_MAX = 0x1
                0x00000040                CY_METADATA_SIZE = 0x40
                0x00000000                CY_APPL_LOADABLE = 0x0
                0x00000000                CY_CHECKSUM_EXCLUDE_SIZE = ALIGN (0x0, CY_FLASH_ROW_SIZE)
                [!provide]                PROVIDE (__cy_heap_start, _end)
                0x00000001                PROVIDE (__cy_region_num, ((__cy_regions_end - __cy_regions) / 0x10))
                0x20008000                PROVIDE (__cy_stack, (ORIGIN (ram) + LENGTH (ram)))
                [!provide]                PROVIDE (__cy_heap_end, (__cy_stack - 0x800))

.cybootloader   0x00000000        0x0
 *(.cybootloader)
                0x00000000                appl1_start = CY_APPL_ORIGIN?CY_APPL_ORIGIN:ALIGN (CY_FLASH_ROW_SIZE)
                0x0001ff00                appl2_start = (appl1_start + ALIGN ((((LENGTH (rom) - appl1_start) - (0x2 * CY_FLASH_ROW_SIZE)) / 0x2), CY_FLASH_ROW_SIZE))
                0x00000000                appl_start = (CY_APPL_NUM == 0x1)?appl1_start:appl2_start
                0x00000000                ecc_offset = ((appl_start / CY_FLASH_ROW_SIZE) * CY_ECC_ROW_SIZE)
                0x00000000                ee_offset = (CY_APPL_LOADABLE && ! (CY_EE_IN_BTLDR))?((CY_EE_SIZE / CY_APPL_MAX) * (CY_APPL_NUM - 0x1)):0x0
                0x00000800                ee_size = (CY_APPL_LOADABLE && ! (CY_EE_IN_BTLDR))?(CY_EE_SIZE / CY_APPL_MAX):CY_EE_SIZE
                [!provide]                PROVIDE (CY_ECC_OFFSET, ecc_offset)

.text           0x00000000     0x4814
 CREATE_OBJECT_SYMBOLS
                0x00000000                PROVIDE (__cy_interrupt_vector, RomVectors)
 *(.romvectors)
 .romvectors    0x00000000       0x10 .\CortexM3\ARM_GCC_541\Debug\Cm3Start.o
                0x00000000                RomVectors
                0x00000001                ASSERT ((. != __cy_interrupt_vector), No interrupt vector)
                0x00000001                ASSERT (CY_APPL_ORIGIN?(SIZEOF (.cybootloader) <= CY_APPL_ORIGIN):0x1, Wrong image location)
                0x00000010                PROVIDE (__cy_reset, Reset)
 *(.text.Reset)
 .text.Reset    0x00000010       0x18 .\CortexM3\ARM_GCC_541\Debug\Cm3Start.o
                0x00000010                Reset
                0x00000001                ASSERT ((. != __cy_reset), No reset code)
 *(.dma_init)
                0x00000001                ASSERT ((((appl_start + .) <= 0x10000) || 0x1), DMA Init must be within the first 64k of flash)
 *(.text .text.* .gnu.linkonce.t.*)
 .text          0x00000028       0x5c c:/program files (x86)/cypress/psoc creator/4.4/psoc creator/import/gnu/arm/5.4.1/bin/../lib/gcc/arm-none-eabi/5.4.1/armv7-m/crtbegin.o
 .text.dacInterrupt
                0x00000084       0x74 .\CortexM3\ARM_GCC_541\Debug\main.o
                0x00000084                dacInterrupt
 .text.adcInterrupt
                0x000000f8       0x34 .\CortexM3\ARM_GCC_541\Debug\main.o
                0x000000f8                adcInterrupt
 .text.Custom_UART_BT_RX_Interrupt
                0x0000012c       0x6c .\CortexM3\ARM_GCC_541\Debug\main.o
                0x0000012c                Custom_UART_BT_RX_Interrupt
 .text.main     0x00000198      0x218 .\CortexM3\ARM_GCC_541\Debug\main.o
                0x00000198                main
 .text.Calibrate_Hardware_Wakeup
                0x000003b0       0x18 .\CortexM3\ARM_GCC_541\Debug\TIA_calibrate.o
 .text.calibrate_step
                0x000003c8       0x4c .\CortexM3\ARM_GCC_541\Debug\TIA_calibrate.o
 .text.Calibrate_Hardware_Sleep
                0x00000414       0x1c .\CortexM3\ARM_GCC_541\Debug\TIA_calibrate.o
 .text.calibrate_TIA
                0x00000430      0x108 .\CortexM3\ARM_GCC_541\Debug\TIA_calibrate.o
                0x00000430                calibrate_TIA
 .text.user_setup_TIA_ADC
                0x00000538       0x18 .\CortexM3\ARM_GCC_541\Debug\user_inputs.o
                0x00000538                user_setup_TIA_ADC
 .text.user_voltage_source_funcs
                0x00000550       0x34 .\CortexM3\ARM_GCC_541\Debug\user_inputs.o
                0x00000550                user_voltage_source_funcs
 .text.user_run_procedure
                0x00000584       0x78 .\CortexM3\ARM_GCC_541\Debug\user_inputs.o
                0x00000584                user_run_procedure
 .text.user_set_isr_timer
                0x000005fc       0x3c .\CortexM3\ARM_GCC_541\Debug\user_inputs.o
                0x000005fc                user_set_isr_timer
 .text.user_chrono_lut_maker
                0x00000638       0x70 .\CortexM3\ARM_GCC_541\Debug\user_inputs.o
                0x00000638                user_chrono_lut_maker
 .text.user_EEPROM_management
                0x000006a8      0x124 .\CortexM3\ARM_GCC_541\Debug\user_inputs.o
                0x000006a8                user_EEPROM_management
 .text.helper_Writebyte_EEPROM
                0x000007cc       0x28 .\CortexM3\ARM_GCC_541\Debug\hardware_management.o
                0x000007cc                helper_Writebyte_EEPROM
 .text.helper_set_voltage_source
                0x000007f4       0x2c .\CortexM3\ARM_GCC_541\Debug\hardware_management.o
                0x000007f4                helper_set_voltage_source
 .text.helper_Readbyte_EEPROM
                0x00000820       0x28 .\CortexM3\ARM_GCC_541\Debug\hardware_management.o
                0x00000820                helper_Readbyte_EEPROM
 .text.helper_check_voltage_source
                0x00000848        0xc .\CortexM3\ARM_GCC_541\Debug\hardware_management.o
                0x00000848                helper_check_voltage_source
 .text.helper_HardwareStart
                0x00000854       0x18 .\CortexM3\ARM_GCC_541\Debug\hardware_management.o
                0x00000854                helper_HardwareStart
 .text.helper_HardwareWakeup
                0x0000086c       0x34 .\CortexM3\ARM_GCC_541\Debug\hardware_management.o
                0x0000086c                helper_HardwareWakeup
 .text.helper_HardwareSleep
                0x000008a0       0x1c .\CortexM3\ARM_GCC_541\Debug\hardware_management.o
                0x000008a0                helper_HardwareSleep
 .text.helper_HardwareSetup
                0x000008bc       0x38 .\CortexM3\ARM_GCC_541\Debug\hardware_management.o
                0x000008bc                helper_HardwareSetup
 .text.initialize_default_values
                0x000008f4       0xe4 .\CortexM3\ARM_GCC_541\Debug\hardware_management.o
                0x000008f4                initialize_default_values
 .text.LUT_make_line
                0x000009d8       0x50 .\CortexM3\ARM_GCC_541\Debug\parametric_lut.o
                0x000009d8                LUT_make_line
 .text.LUT_make_swv_line
                0x00000a28       0x94 .\CortexM3\ARM_GCC_541\Debug\parametric_lut.o
                0x00000a28                LUT_make_swv_line
 .text.LUT_MakeTriangle_Wave
                0x00000abc       0x74 .\CortexM3\ARM_GCC_541\Debug\parametric_lut.o
                0x00000abc                LUT_MakeTriangle_Wave
 .text.LUT_MakePulse
                0x00000b30       0x4c .\CortexM3\ARM_GCC_541\Debug\parametric_lut.o
                0x00000b30                LUT_MakePulse
 .text.DAC_Start
                0x00000b7c       0x3c .\CortexM3\ARM_GCC_541\Debug\DAC_management.o
                0x00000b7c                DAC_Start
 .text.DAC_Sleep
                0x00000bb8       0x1c .\CortexM3\ARM_GCC_541\Debug\DAC_management.o
                0x00000bb8                DAC_Sleep
 .text.DAC_Wakeup
                0x00000bd4       0x1c .\CortexM3\ARM_GCC_541\Debug\DAC_management.o
                0x00000bd4                DAC_Wakeup
 .text.DAC_SetValue
                0x00000bf0       0x1c .\CortexM3\ARM_GCC_541\Debug\DAC_management.o
                0x00000bf0                DAC_SetValue
 .text.writeBT  0x00000c0c       0x2c .\CortexM3\ARM_GCC_541\Debug\BT_protocols.o
                0x00000c0c                writeBT
 .text.errorBT  0x00000c38       0x10 .\CortexM3\ARM_GCC_541\Debug\BT_protocols.o
                0x00000c38                errorBT
 .text.BT_sending_manager
                0x00000c48       0x9c .\CortexM3\ARM_GCC_541\Debug\BT_protocols.o
                0x00000c48                BT_sending_manager
 .text.sendMeasures
                0x00000ce4       0x70 .\CortexM3\ARM_GCC_541\Debug\BT_protocols.o
                0x00000ce4                sendMeasures
 .text.CyClockStartupError
                0x00000d54        0x4 .\CortexM3\ARM_GCC_541\Debug\cyfitter_cfg.o
 .text.cfg_write_bytes32
                0x00000d58       0x34 .\CortexM3\ARM_GCC_541\Debug\cyfitter_cfg.o
 .text.AnalogSetDefault
                0x00000d8c       0x74 .\CortexM3\ARM_GCC_541\Debug\cyfitter_cfg.o
 .text.CYMEMZERO
                0x00000e00        0xc .\CortexM3\ARM_GCC_541\Debug\cyfitter_cfg.o
 .text.CYCONFIGCPY
                0x00000e0c        0x8 .\CortexM3\ARM_GCC_541\Debug\cyfitter_cfg.o
 .text.ClockSetup
                0x00000e14      0x108 .\CortexM3\ARM_GCC_541\Debug\cyfitter_cfg.o
 .text.AMux_TIA_input_Set
                0x00000f1c       0x1c .\CortexM3\ARM_GCC_541\Debug\cyfitter_cfg.o
                0x00000f1c                AMux_TIA_input_Set
 .text.AMux_TIA_input_Unset
                0x00000f38       0x1c .\CortexM3\ARM_GCC_541\Debug\cyfitter_cfg.o
                0x00000f38                AMux_TIA_input_Unset
 .text.AMux_TIA_resistor_bypass_Set
                0x00000f54       0x38 .\CortexM3\ARM_GCC_541\Debug\cyfitter_cfg.o
                0x00000f54                AMux_TIA_resistor_bypass_Set
 .text.AMux_TIA_resistor_bypass_Unset
                0x00000f8c       0x3c .\CortexM3\ARM_GCC_541\Debug\cyfitter_cfg.o
                0x00000f8c                AMux_TIA_resistor_bypass_Unset
 .text.AMux_V_source_Set
                0x00000fc8       0x20 .\CortexM3\ARM_GCC_541\Debug\cyfitter_cfg.o
                0x00000fc8                AMux_V_source_Set
 .text.AMux_V_source_Unset
                0x00000fe8       0x20 .\CortexM3\ARM_GCC_541\Debug\cyfitter_cfg.o
                0x00000fe8                AMux_V_source_Unset
 .text.AMux_electrode_Set
                0x00001008       0x20 .\CortexM3\ARM_GCC_541\Debug\cyfitter_cfg.o
                0x00001008                AMux_electrode_Set
 .text.AMux_electrode_Unset
                0x00001028       0x20 .\CortexM3\ARM_GCC_541\Debug\cyfitter_cfg.o
                0x00001028                AMux_electrode_Unset
 .text.cyfitter_cfg
                0x00001048      0x148 .\CortexM3\ARM_GCC_541\Debug\cyfitter_cfg.o
                0x00001048                cyfitter_cfg
 .text.IntDefaultHandler
                0x00001190       0x10 .\CortexM3\ARM_GCC_541\Debug\Cm3Start.o
                0x00001190                IntDefaultHandler
 .text._sbrk    0x000011a0       0x30 .\CortexM3\ARM_GCC_541\Debug\Cm3Start.o
                0x000011a0                _sbrk
 .text.Start_c  0x000011d0       0x4c .\CortexM3\ARM_GCC_541\Debug\Cm3Start.o
                0x000011d0                Start_c
 .text.initialize_psoc
                0x0000121c       0x6c .\CortexM3\ARM_GCC_541\Debug\Cm3Start.o
                0x0000121c                initialize_psoc
 .text.EEPROM_Enable
                0x00001288        0xc .\CortexM3\ARM_GCC_541\Debug\PSoC_Project.a(EEPROM.o)
                0x00001288                EEPROM_Enable
 .text.EEPROM_Start
                0x00001294        0x8 .\CortexM3\ARM_GCC_541\Debug\PSoC_Project.a(EEPROM.o)
                0x00001294                EEPROM_Start
 .text.EEPROM_Stop
                0x0000129c        0x8 .\CortexM3\ARM_GCC_541\Debug\PSoC_Project.a(EEPROM.o)
                0x0000129c                EEPROM_Stop
 .text.EEPROM_WriteByte
                0x000012a4       0xd0 .\CortexM3\ARM_GCC_541\Debug\PSoC_Project.a(EEPROM.o)
                0x000012a4                EEPROM_WriteByte
 .text.EEPROM_ReadByte
                0x00001374       0x28 .\CortexM3\ARM_GCC_541\Debug\PSoC_Project.a(EEPROM.o)
                0x00001374                EEPROM_ReadByte
 .text.EEPROM_UpdateTemperature
                0x0000139c        0xc .\CortexM3\ARM_GCC_541\Debug\PSoC_Project.a(EEPROM.o)
                0x0000139c                EEPROM_UpdateTemperature
 .text.isr_dac_SetVector
                0x000013a8        0xc .\CortexM3\ARM_GCC_541\Debug\PSoC_Project.a(isr_dac.o)
                0x000013a8                isr_dac_SetVector
 .text.isr_dac_SetPriority
                0x000013b4       0x10 .\CortexM3\ARM_GCC_541\Debug\PSoC_Project.a(isr_dac.o)
                0x000013b4                isr_dac_SetPriority
 .text.isr_dac_Enable
                0x000013c4        0xc .\CortexM3\ARM_GCC_541\Debug\PSoC_Project.a(isr_dac.o)
                0x000013c4                isr_dac_Enable
 .text.isr_dac_GetState
                0x000013d0       0x18 .\CortexM3\ARM_GCC_541\Debug\PSoC_Project.a(isr_dac.o)
                0x000013d0                isr_dac_GetState
 .text.isr_dac_Disable
                0x000013e8        0xc .\CortexM3\ARM_GCC_541\Debug\PSoC_Project.a(isr_dac.o)
                0x000013e8                isr_dac_Disable
 .text.isr_dac_StartEx
                0x000013f4       0x1c .\CortexM3\ARM_GCC_541\Debug\PSoC_Project.a(isr_dac.o)
                0x000013f4                isr_dac_StartEx
 .text.isr_adc_SetVector
                0x00001410        0xc .\CortexM3\ARM_GCC_541\Debug\PSoC_Project.a(isr_adc.o)
                0x00001410                isr_adc_SetVector
 .text.isr_adc_SetPriority
                0x0000141c       0x10 .\CortexM3\ARM_GCC_541\Debug\PSoC_Project.a(isr_adc.o)
                0x0000141c                isr_adc_SetPriority
 .text.isr_adc_Enable
                0x0000142c        0xc .\CortexM3\ARM_GCC_541\Debug\PSoC_Project.a(isr_adc.o)
                0x0000142c                isr_adc_Enable
 .text.isr_adc_Disable
                0x00001438        0xc .\CortexM3\ARM_GCC_541\Debug\PSoC_Project.a(isr_adc.o)
                0x00001438                isr_adc_Disable
 .text.isr_adc_StartEx
                0x00001444       0x1c .\CortexM3\ARM_GCC_541\Debug\PSoC_Project.a(isr_adc.o)
                0x00001444                isr_adc_StartEx
 .text.isr_adcAmp_GetState
                0x00001460       0x18 .\CortexM3\ARM_GCC_541\Debug\PSoC_Project.a(isr_adcAmp.o)
                0x00001460                isr_adcAmp_GetState
 .text.isr_adcAmp_Disable
                0x00001478        0xc .\CortexM3\ARM_GCC_541\Debug\PSoC_Project.a(isr_adcAmp.o)
                0x00001478                isr_adcAmp_Disable
 .text.AMux_TIA_resistor_bypass_Start
                0x00001484       0x20 .\CortexM3\ARM_GCC_541\Debug\PSoC_Project.a(AMux_TIA_resistor_bypass.o)
                0x00001484                AMux_TIA_resistor_bypass_Start
 .text.AMux_TIA_resistor_bypass_Select
                0x000014a4       0x18 .\CortexM3\ARM_GCC_541\Debug\PSoC_Project.a(AMux_TIA_resistor_bypass.o)
                0x000014a4                AMux_TIA_resistor_bypass_Select
 .text.IDAC_calibrate_Enable
                0x000014bc       0x1c .\CortexM3\ARM_GCC_541\Debug\PSoC_Project.a(IDAC_calibrate.o)
                0x000014bc                IDAC_calibrate_Enable
 .text.IDAC_calibrate_Stop
                0x000014d8       0x1c .\CortexM3\ARM_GCC_541\Debug\PSoC_Project.a(IDAC_calibrate.o)
                0x000014d8                IDAC_calibrate_Stop
 .text.IDAC_calibrate_SetSpeed
                0x000014f4       0x1c .\CortexM3\ARM_GCC_541\Debug\PSoC_Project.a(IDAC_calibrate.o)
                0x000014f4                IDAC_calibrate_SetSpeed
 .text.IDAC_calibrate_SetValue
                0x00001510        0xc .\CortexM3\ARM_GCC_541\Debug\PSoC_Project.a(IDAC_calibrate.o)
                0x00001510                IDAC_calibrate_SetValue
 .text.IDAC_calibrate_DacTrim
                0x0000151c       0x34 .\CortexM3\ARM_GCC_541\Debug\PSoC_Project.a(IDAC_calibrate.o)
                0x0000151c                IDAC_calibrate_DacTrim
 .text.IDAC_calibrate_Init
                0x00001550       0x24 .\CortexM3\ARM_GCC_541\Debug\PSoC_Project.a(IDAC_calibrate.o)
                0x00001550                IDAC_calibrate_Init
 .text.IDAC_calibrate_Start
                0x00001574       0x24 .\CortexM3\ARM_GCC_541\Debug\PSoC_Project.a(IDAC_calibrate.o)
                0x00001574                IDAC_calibrate_Start
 .text.IDAC_calibrate_SetPolarity
                0x00001598       0x20 .\CortexM3\ARM_GCC_541\Debug\PSoC_Project.a(IDAC_calibrate.o)
                0x00001598                IDAC_calibrate_SetPolarity
 .text.AMux_TIA_input_Start
                0x000015b8       0x20 .\CortexM3\ARM_GCC_541\Debug\PSoC_Project.a(AMux_TIA_input.o)
                0x000015b8                AMux_TIA_input_Start
 .text.AMux_TIA_input_Select
                0x000015d8       0x18 .\CortexM3\ARM_GCC_541\Debug\PSoC_Project.a(AMux_TIA_input.o)
                0x000015d8                AMux_TIA_input_Select
 .text.VDAC_TIA_Enable
                0x000015f0       0x1c .\CortexM3\ARM_GCC_541\Debug\PSoC_Project.a(VDAC_TIA.o)
                0x000015f0                VDAC_TIA_Enable
 .text.VDAC_TIA_Stop
                0x0000160c       0x1c .\CortexM3\ARM_GCC_541\Debug\PSoC_Project.a(VDAC_TIA.o)
                0x0000160c                VDAC_TIA_Stop
 .text.VDAC_TIA_SetSpeed
                0x00001628       0x1c .\CortexM3\ARM_GCC_541\Debug\PSoC_Project.a(VDAC_TIA.o)
                0x00001628                VDAC_TIA_SetSpeed
 .text.VDAC_TIA_SetValue
                0x00001644        0xc .\CortexM3\ARM_GCC_541\Debug\PSoC_Project.a(VDAC_TIA.o)
                0x00001644                VDAC_TIA_SetValue
 .text.VDAC_TIA_DacTrim
                0x00001650       0x24 .\CortexM3\ARM_GCC_541\Debug\PSoC_Project.a(VDAC_TIA.o)
                0x00001650                VDAC_TIA_DacTrim
 .text.VDAC_TIA_SetRange
                0x00001674       0x20 .\CortexM3\ARM_GCC_541\Debug\PSoC_Project.a(VDAC_TIA.o)
                0x00001674                VDAC_TIA_SetRange
 .text.VDAC_TIA_Init
                0x00001694       0x20 .\CortexM3\ARM_GCC_541\Debug\PSoC_Project.a(VDAC_TIA.o)
                0x00001694                VDAC_TIA_Init
 .text.VDAC_TIA_Start
                0x000016b4       0x24 .\CortexM3\ARM_GCC_541\Debug\PSoC_Project.a(VDAC_TIA.o)
                0x000016b4                VDAC_TIA_Start
 .text.VDAC_TIA_SaveConfig
                0x000016d8       0x20 .\CortexM3\ARM_GCC_541\Debug\PSoC_Project.a(VDAC_TIA_PM.o)
                0x000016d8                VDAC_TIA_SaveConfig
 .text.VDAC_TIA_RestoreConfig
                0x000016f8       0x4c .\CortexM3\ARM_GCC_541\Debug\PSoC_Project.a(VDAC_TIA_PM.o)
                0x000016f8                VDAC_TIA_RestoreConfig
 .text.VDAC_TIA_Sleep
                0x00001744       0x2c .\CortexM3\ARM_GCC_541\Debug\PSoC_Project.a(VDAC_TIA_PM.o)
                0x00001744                VDAC_TIA_Sleep
 .text.VDAC_TIA_Wakeup
                0x00001770       0x24 .\CortexM3\ARM_GCC_541\Debug\PSoC_Project.a(VDAC_TIA_PM.o)
                0x00001770                VDAC_TIA_Wakeup
 .text.TIA_Enable
                0x00001794       0x28 .\CortexM3\ARM_GCC_541\Debug\PSoC_Project.a(TIA.o)
                0x00001794                TIA_Enable
 .text.TIA_Stop
                0x000017bc       0x1c .\CortexM3\ARM_GCC_541\Debug\PSoC_Project.a(TIA.o)
                0x000017bc                TIA_Stop
 .text.TIA_SetPower
                0x000017d8       0x18 .\CortexM3\ARM_GCC_541\Debug\PSoC_Project.a(TIA.o)
                0x000017d8                TIA_SetPower
 .text.TIA_SetResFB
                0x000017f0       0x20 .\CortexM3\ARM_GCC_541\Debug\PSoC_Project.a(TIA.o)
                0x000017f0                TIA_SetResFB
 .text.TIA_SetCapFB
                0x00001810       0x20 .\CortexM3\ARM_GCC_541\Debug\PSoC_Project.a(TIA.o)
                0x00001810                TIA_SetCapFB
 .text.TIA_Init
                0x00001830       0x2c .\CortexM3\ARM_GCC_541\Debug\PSoC_Project.a(TIA.o)
                0x00001830                TIA_Init
 .text.TIA_Start
                0x0000185c       0x1c .\CortexM3\ARM_GCC_541\Debug\PSoC_Project.a(TIA.o)
                0x0000185c                TIA_Start
 .text.TIA_Sleep
                0x00001878       0x28 .\CortexM3\ARM_GCC_541\Debug\PSoC_Project.a(TIA_PM.o)
                0x00001878                TIA_Sleep
 .text.TIA_Wakeup
                0x000018a0       0x14 .\CortexM3\ARM_GCC_541\Debug\PSoC_Project.a(TIA_PM.o)
                0x000018a0                TIA_Wakeup
 .text.UART_BT_Init
                0x000018b4       0x28 .\CortexM3\ARM_GCC_541\Debug\PSoC_Project.a(UART_BT.o)
                0x000018b4                UART_BT_Init
 .text.UART_BT_Enable
                0x000018dc       0x38 .\CortexM3\ARM_GCC_541\Debug\PSoC_Project.a(UART_BT.o)
                0x000018dc                UART_BT_Enable
 .text.UART_BT_Start
                0x00001914       0x1c .\CortexM3\ARM_GCC_541\Debug\PSoC_Project.a(UART_BT.o)
                0x00001914                UART_BT_Start
 .text.UART_BT_ReadRxData
                0x00001930        0xc .\CortexM3\ARM_GCC_541\Debug\PSoC_Project.a(UART_BT.o)
                0x00001930                UART_BT_ReadRxData
 .text.UART_BT_ReadRxStatus
                0x0000193c       0x10 .\CortexM3\ARM_GCC_541\Debug\PSoC_Project.a(UART_BT.o)
                0x0000193c                UART_BT_ReadRxStatus
 .text.UART_BT_GetByte
                0x0000194c       0x14 .\CortexM3\ARM_GCC_541\Debug\PSoC_Project.a(UART_BT.o)
                0x0000194c                UART_BT_GetByte
 .text.UART_BT_PutChar
                0x00001960       0x18 .\CortexM3\ARM_GCC_541\Debug\PSoC_Project.a(UART_BT.o)
                0x00001960                UART_BT_PutChar
 .text.UART_BT_PutString
                0x00001978       0x24 .\CortexM3\ARM_GCC_541\Debug\PSoC_Project.a(UART_BT.o)
                0x00001978                UART_BT_PutString
 .text.UART_BT_PutArray
                0x0000199c       0x28 .\CortexM3\ARM_GCC_541\Debug\PSoC_Project.a(UART_BT.o)
                0x0000199c                UART_BT_PutArray
 .text.Opamp_Aux_Enable
                0x000019c4       0x28 .\CortexM3\ARM_GCC_541\Debug\PSoC_Project.a(Opamp_Aux.o)
                0x000019c4                Opamp_Aux_Enable
 .text.Opamp_Aux_Stop
                0x000019ec       0x34 .\CortexM3\ARM_GCC_541\Debug\PSoC_Project.a(Opamp_Aux.o)
                0x000019ec                Opamp_Aux_Stop
 .text.Opamp_Aux_SetPower
                0x00001a20       0x1c .\CortexM3\ARM_GCC_541\Debug\PSoC_Project.a(Opamp_Aux.o)
                0x00001a20                Opamp_Aux_SetPower
 .text.Opamp_Aux_Init
                0x00001a3c        0xc .\CortexM3\ARM_GCC_541\Debug\PSoC_Project.a(Opamp_Aux.o)
                0x00001a3c                Opamp_Aux_Init
 .text.Opamp_Aux_Start
                0x00001a48       0x1c .\CortexM3\ARM_GCC_541\Debug\PSoC_Project.a(Opamp_Aux.o)
                0x00001a48                Opamp_Aux_Start
 .text.Opamp_Aux_Sleep
                0x00001a64       0x28 .\CortexM3\ARM_GCC_541\Debug\PSoC_Project.a(Opamp_Aux_PM.o)
                0x00001a64                Opamp_Aux_Sleep
 .text.Opamp_Aux_Wakeup
                0x00001a8c       0x14 .\CortexM3\ARM_GCC_541\Debug\PSoC_Project.a(Opamp_Aux_PM.o)
                0x00001a8c                Opamp_Aux_Wakeup
 .text.AMux_electrode_Start
                0x00001aa0       0x20 .\CortexM3\ARM_GCC_541\Debug\PSoC_Project.a(AMux_electrode.o)
                0x00001aa0                AMux_electrode_Start
 .text.AMux_electrode_Select
                0x00001ac0       0x18 .\CortexM3\ARM_GCC_541\Debug\PSoC_Project.a(AMux_electrode.o)
                0x00001ac0                AMux_electrode_Select
 .text.AMux_V_source_Start
                0x00001ad8       0x20 .\CortexM3\ARM_GCC_541\Debug\PSoC_Project.a(AMux_V_source.o)
                0x00001ad8                AMux_V_source_Start
 .text.AMux_V_source_Select
                0x00001af8       0x18 .\CortexM3\ARM_GCC_541\Debug\PSoC_Project.a(AMux_V_source.o)
                0x00001af8                AMux_V_source_Select
 .text.DVDAC_InitDma
                0x00001b10       0x4c .\CortexM3\ARM_GCC_541\Debug\PSoC_Project.a(DVDAC.o)
 .text.DVDAC_Init
                0x00001b5c       0x18 .\CortexM3\ARM_GCC_541\Debug\PSoC_Project.a(DVDAC.o)
                0x00001b5c                DVDAC_Init
 .text.DVDAC_Enable
                0x00001b74       0x1c .\CortexM3\ARM_GCC_541\Debug\PSoC_Project.a(DVDAC.o)
                0x00001b74                DVDAC_Enable
 .text.DVDAC_Start
                0x00001b90       0x1c .\CortexM3\ARM_GCC_541\Debug\PSoC_Project.a(DVDAC.o)
                0x00001b90                DVDAC_Start
 .text.DVDAC_Stop
                0x00001bac       0x18 .\CortexM3\ARM_GCC_541\Debug\PSoC_Project.a(DVDAC.o)
                0x00001bac                DVDAC_Stop
 .text.DVDAC_SetValue
                0x00001bc4       0x5c .\CortexM3\ARM_GCC_541\Debug\PSoC_Project.a(DVDAC.o)
                0x00001bc4                DVDAC_SetValue
 .text.DVDAC_SaveConfig
                0x00001c20        0x8 .\CortexM3\ARM_GCC_541\Debug\PSoC_Project.a(DVDAC_PM.o)
                0x00001c20                DVDAC_SaveConfig
 .text.DVDAC_Sleep
                0x00001c28       0x2c .\CortexM3\ARM_GCC_541\Debug\PSoC_Project.a(DVDAC_PM.o)
                0x00001c28                DVDAC_Sleep
 .text.DVDAC_RestoreConfig
                0x00001c54        0x8 .\CortexM3\ARM_GCC_541\Debug\PSoC_Project.a(DVDAC_PM.o)
                0x00001c54                DVDAC_RestoreConfig
 .text.DVDAC_Wakeup
                0x00001c5c       0x18 .\CortexM3\ARM_GCC_541\Debug\PSoC_Project.a(DVDAC_PM.o)
                0x00001c5c                DVDAC_Wakeup
 .text.VDAC_source_Enable
                0x00001c74       0x1c .\CortexM3\ARM_GCC_541\Debug\PSoC_Project.a(VDAC_source.o)
                0x00001c74                VDAC_source_Enable
 .text.VDAC_source_Stop
                0x00001c90       0x1c .\CortexM3\ARM_GCC_541\Debug\PSoC_Project.a(VDAC_source.o)
                0x00001c90                VDAC_source_Stop
 .text.VDAC_source_SetSpeed
                0x00001cac       0x1c .\CortexM3\ARM_GCC_541\Debug\PSoC_Project.a(VDAC_source.o)
                0x00001cac                VDAC_source_SetSpeed
 .text.VDAC_source_SetValue
                0x00001cc8        0xc .\CortexM3\ARM_GCC_541\Debug\PSoC_Project.a(VDAC_source.o)
                0x00001cc8                VDAC_source_SetValue
 .text.VDAC_source_DacTrim
                0x00001cd4       0x24 .\CortexM3\ARM_GCC_541\Debug\PSoC_Project.a(VDAC_source.o)
                0x00001cd4                VDAC_source_DacTrim
 .text.VDAC_source_SetRange
                0x00001cf8       0x20 .\CortexM3\ARM_GCC_541\Debug\PSoC_Project.a(VDAC_source.o)
                0x00001cf8                VDAC_source_SetRange
 .text.VDAC_source_Init
                0x00001d18       0x20 .\CortexM3\ARM_GCC_541\Debug\PSoC_Project.a(VDAC_source.o)
                0x00001d18                VDAC_source_Init
 .text.VDAC_source_Start
                0x00001d38       0x24 .\CortexM3\ARM_GCC_541\Debug\PSoC_Project.a(VDAC_source.o)
                0x00001d38                VDAC_source_Start
 .text.VDAC_source_SaveConfig
                0x00001d5c       0x20 .\CortexM3\ARM_GCC_541\Debug\PSoC_Project.a(VDAC_source_PM.o)
                0x00001d5c                VDAC_source_SaveConfig
 .text.VDAC_source_RestoreConfig
                0x00001d7c       0x4c .\CortexM3\ARM_GCC_541\Debug\PSoC_Project.a(VDAC_source_PM.o)
                0x00001d7c                VDAC_source_RestoreConfig
 .text.VDAC_source_Sleep
                0x00001dc8       0x2c .\CortexM3\ARM_GCC_541\Debug\PSoC_Project.a(VDAC_source_PM.o)
                0x00001dc8                VDAC_source_Sleep
 .text.VDAC_source_Wakeup
                0x00001df4       0x24 .\CortexM3\ARM_GCC_541\Debug\PSoC_Project.a(VDAC_source_PM.o)
                0x00001df4                VDAC_source_Wakeup
 .text.PWM_isr_Enable
                0x00001e18       0x10 .\CortexM3\ARM_GCC_541\Debug\PSoC_Project.a(PWM_isr.o)
                0x00001e18                PWM_isr_Enable
 .text.PWM_isr_Stop
                0x00001e28       0x10 .\CortexM3\ARM_GCC_541\Debug\PSoC_Project.a(PWM_isr.o)
                0x00001e28                PWM_isr_Stop
 .text.PWM_isr_WriteCounter
                0x00001e38        0xc .\CortexM3\ARM_GCC_541\Debug\PSoC_Project.a(PWM_isr.o)
                0x00001e38                PWM_isr_WriteCounter
 .text.PWM_isr_ReadCounter
                0x00001e44       0x14 .\CortexM3\ARM_GCC_541\Debug\PSoC_Project.a(PWM_isr.o)
                0x00001e44                PWM_isr_ReadCounter
 .text.PWM_isr_WritePeriod
                0x00001e58        0xc .\CortexM3\ARM_GCC_541\Debug\PSoC_Project.a(PWM_isr.o)
                0x00001e58                PWM_isr_WritePeriod
 .text.PWM_isr_WriteCompare
                0x00001e64        0xc .\CortexM3\ARM_GCC_541\Debug\PSoC_Project.a(PWM_isr.o)
                0x00001e64                PWM_isr_WriteCompare
 .text.PWM_isr_Init
                0x00001e70       0x44 .\CortexM3\ARM_GCC_541\Debug\PSoC_Project.a(PWM_isr.o)
                0x00001e70                PWM_isr_Init
 .text.PWM_isr_Start
                0x00001eb4       0x1c .\CortexM3\ARM_GCC_541\Debug\PSoC_Project.a(PWM_isr.o)
                0x00001eb4                PWM_isr_Start
 .text.PWM_isr_ReadControlRegister
                0x00001ed0        0xc .\CortexM3\ARM_GCC_541\Debug\PSoC_Project.a(PWM_isr.o)
                0x00001ed0                PWM_isr_ReadControlRegister
 .text.PWM_isr_WriteControlRegister
                0x00001edc        0xc .\CortexM3\ARM_GCC_541\Debug\PSoC_Project.a(PWM_isr.o)
                0x00001edc                PWM_isr_WriteControlRegister
 .text.PWM_isr_ReadPeriod
                0x00001ee8        0xc .\CortexM3\ARM_GCC_541\Debug\PSoC_Project.a(PWM_isr.o)
                0x00001ee8                PWM_isr_ReadPeriod
 .text.PWM_isr_SaveConfig
                0x00001ef4       0x1c .\CortexM3\ARM_GCC_541\Debug\PSoC_Project.a(PWM_isr_PM.o)
                0x00001ef4                PWM_isr_SaveConfig
 .text.PWM_isr_RestoreConfig
                0x00001f10       0x1c .\CortexM3\ARM_GCC_541\Debug\PSoC_Project.a(PWM_isr_PM.o)
                0x00001f10                PWM_isr_RestoreConfig
 .text.PWM_isr_Sleep
                0x00001f2c       0x2c .\CortexM3\ARM_GCC_541\Debug\PSoC_Project.a(PWM_isr_PM.o)
                0x00001f2c                PWM_isr_Sleep
 .text.PWM_isr_Wakeup
                0x00001f58       0x18 .\CortexM3\ARM_GCC_541\Debug\PSoC_Project.a(PWM_isr_PM.o)
                0x00001f58                PWM_isr_Wakeup
 .text.UART_BT_IntClock_Start
                0x00001f70       0x1c .\CortexM3\ARM_GCC_541\Debug\PSoC_Project.a(UART_BT_IntClock.o)
                0x00001f70                UART_BT_IntClock_Start
 .text.DVDAC_DMA_DmaInitialize
                0x00001f8c       0x3c .\CortexM3\ARM_GCC_541\Debug\PSoC_Project.a(DVDAC_DMA_dma.o)
                0x00001f8c                DVDAC_DMA_DmaInitialize
 .text.DVDAC_VDAC8_Enable
                0x00001fc8       0x1c .\CortexM3\ARM_GCC_541\Debug\PSoC_Project.a(DVDAC_VDAC8.o)
                0x00001fc8                DVDAC_VDAC8_Enable
 .text.DVDAC_VDAC8_Stop
                0x00001fe4       0x1c .\CortexM3\ARM_GCC_541\Debug\PSoC_Project.a(DVDAC_VDAC8.o)
                0x00001fe4                DVDAC_VDAC8_Stop
 .text.DVDAC_VDAC8_SetSpeed
                0x00002000       0x1c .\CortexM3\ARM_GCC_541\Debug\PSoC_Project.a(DVDAC_VDAC8.o)
                0x00002000                DVDAC_VDAC8_SetSpeed
 .text.DVDAC_VDAC8_DacTrim
                0x0000201c       0x24 .\CortexM3\ARM_GCC_541\Debug\PSoC_Project.a(DVDAC_VDAC8.o)
                0x0000201c                DVDAC_VDAC8_DacTrim
 .text.DVDAC_VDAC8_SetRange
                0x00002040       0x20 .\CortexM3\ARM_GCC_541\Debug\PSoC_Project.a(DVDAC_VDAC8.o)
                0x00002040                DVDAC_VDAC8_SetRange
 .text.DVDAC_VDAC8_Init
                0x00002060       0x2c .\CortexM3\ARM_GCC_541\Debug\PSoC_Project.a(DVDAC_VDAC8.o)
                0x00002060                DVDAC_VDAC8_Init
 .text.DVDAC_VDAC8_SaveConfig
                0x0000208c       0x20 .\CortexM3\ARM_GCC_541\Debug\PSoC_Project.a(DVDAC_VDAC8_PM.o)
                0x0000208c                DVDAC_VDAC8_SaveConfig
 .text.DVDAC_VDAC8_RestoreConfig
                0x000020ac       0x4c .\CortexM3\ARM_GCC_541\Debug\PSoC_Project.a(DVDAC_VDAC8_PM.o)
                0x000020ac                DVDAC_VDAC8_RestoreConfig
 .text.DVDAC_IntClock_Start
                0x000020f8       0x1c .\CortexM3\ARM_GCC_541\Debug\PSoC_Project.a(DVDAC_IntClock.o)
                0x000020f8                DVDAC_IntClock_Start
 .text.DVDAC_IntClock_Stop
                0x00002114       0x1c .\CortexM3\ARM_GCC_541\Debug\PSoC_Project.a(DVDAC_IntClock.o)
                0x00002114                DVDAC_IntClock_Stop
 .text.CyDmacConfigure
                0x00002130       0x34 .\CortexM3\ARM_GCC_541\Debug\PSoC_Project.a(CyDmac.o)
                0x00002130                CyDmacConfigure
 .text.CyDmaChEnable
                0x00002164       0x38 .\CortexM3\ARM_GCC_541\Debug\PSoC_Project.a(CyDmac.o)
                0x00002164                CyDmaChEnable
 .text.CyDmaChDisable
                0x0000219c       0x24 .\CortexM3\ARM_GCC_541\Debug\PSoC_Project.a(CyDmac.o)
                0x0000219c                CyDmaChDisable
 .text.CyDmaChPriority
                0x000021c0       0x24 .\CortexM3\ARM_GCC_541\Debug\PSoC_Project.a(CyDmac.o)
                0x000021c0                CyDmaChPriority
 .text.CyDmaChSetExtendedAddress
                0x000021e4       0x34 .\CortexM3\ARM_GCC_541\Debug\PSoC_Project.a(CyDmac.o)
                0x000021e4                CyDmaChSetExtendedAddress
 .text.CyDmaChSetInitialTd
                0x00002218       0x18 .\CortexM3\ARM_GCC_541\Debug\PSoC_Project.a(CyDmac.o)
                0x00002218                CyDmaChSetInitialTd
 .text.CyDmaChSetConfiguration
                0x00002230       0x44 .\CortexM3\ARM_GCC_541\Debug\PSoC_Project.a(CyDmac.o)
                0x00002230                CyDmaChSetConfiguration
 .text.CyDmaTdAllocate
                0x00002274       0x34 .\CortexM3\ARM_GCC_541\Debug\PSoC_Project.a(CyDmac.o)
                0x00002274                CyDmaTdAllocate
 .text.CyDmaTdSetConfiguration
                0x000022a8       0x28 .\CortexM3\ARM_GCC_541\Debug\PSoC_Project.a(CyDmac.o)
                0x000022a8                CyDmaTdSetConfiguration
 .text.CyDmaTdSetAddress
                0x000022d0       0x1c .\CortexM3\ARM_GCC_541\Debug\PSoC_Project.a(CyDmac.o)
                0x000022d0                CyDmaTdSetAddress
 .text.CySetTempInt
                0x000022ec       0x60 .\CortexM3\ARM_GCC_541\Debug\PSoC_Project.a(CyFlash.o)
 .text.CyFlashGetSpcAlgorithm
                0x0000234c       0x4c .\CortexM3\ARM_GCC_541\Debug\PSoC_Project.a(CyFlash.o)
                0x0000234c                CyFlashGetSpcAlgorithm
 .text.CySetTemp
                0x00002398       0x14 .\CortexM3\ARM_GCC_541\Debug\PSoC_Project.a(CyFlash.o)
                0x00002398                CySetTemp
 .text.CyEEPROM_Start
                0x000023ac       0x54 .\CortexM3\ARM_GCC_541\Debug\PSoC_Project.a(CyFlash.o)
                0x000023ac                CyEEPROM_Start
 .text.CyEEPROM_Stop
                0x00002400       0x24 .\CortexM3\ARM_GCC_541\Debug\PSoC_Project.a(CyFlash.o)
                0x00002400                CyEEPROM_Stop
 .text.CyEEPROM_ReadReserve
                0x00002424       0x1c .\CortexM3\ARM_GCC_541\Debug\PSoC_Project.a(CyFlash.o)
                0x00002424                CyEEPROM_ReadReserve
 .text.CyEEPROM_ReadRelease
                0x00002440       0x10 .\CortexM3\ARM_GCC_541\Debug\PSoC_Project.a(CyFlash.o)
                0x00002440                CyEEPROM_ReadRelease
 .text.CyHalt   0x00002450        0x4 .\CortexM3\ARM_GCC_541\Debug\PSoC_Project.a(CyLib.o)
                0x00002450                CyHalt
 .text.CyDelay  0x00002454       0x2c .\CortexM3\ARM_GCC_541\Debug\PSoC_Project.a(CyLib.o)
                0x00002454                CyDelay
 .text.CyDelayUs
                0x00002480       0x14 .\CortexM3\ARM_GCC_541\Debug\PSoC_Project.a(CyLib.o)
                0x00002480                CyDelayUs
 .text.CyIntSetVector
                0x00002494       0x28 .\CortexM3\ARM_GCC_541\Debug\PSoC_Project.a(CyLib.o)
                0x00002494                CyIntSetVector
 .text.CyIntSetPriority
                0x000024bc       0x30 .\CortexM3\ARM_GCC_541\Debug\PSoC_Project.a(CyLib.o)
                0x000024bc                CyIntSetPriority
 .text.CySpcStart
                0x000024ec       0x24 .\CortexM3\ARM_GCC_541\Debug\PSoC_Project.a(CySpc.o)
                0x000024ec                CySpcStart
 .text.CySpcReadData
                0x00002510       0x34 .\CortexM3\ARM_GCC_541\Debug\PSoC_Project.a(CySpc.o)
                0x00002510                CySpcReadData
 .text.CySpcLoadMultiByte
                0x00002544       0x78 .\CortexM3\ARM_GCC_541\Debug\PSoC_Project.a(CySpc.o)
                0x00002544                CySpcLoadMultiByte
 .text.CySpcWriteRow
                0x000025bc       0x4c .\CortexM3\ARM_GCC_541\Debug\PSoC_Project.a(CySpc.o)
                0x000025bc                CySpcWriteRow
 .text.CySpcGetTemp
                0x00002608       0x3c .\CortexM3\ARM_GCC_541\Debug\PSoC_Project.a(CySpc.o)
                0x00002608                CySpcGetTemp
 .text.CySpcLock
                0x00002644       0x4c .\CortexM3\ARM_GCC_541\Debug\PSoC_Project.a(CySpc.o)
                0x00002644                CySpcLock
 .text.CySpcUnlock
                0x00002690       0x38 .\CortexM3\ARM_GCC_541\Debug\PSoC_Project.a(CySpc.o)
                0x00002690                CySpcUnlock
 .text.CySpcGetAlgorithm
                0x000026c8       0x28 .\CortexM3\ARM_GCC_541\Debug\PSoC_Project.a(CySpc.o)
                0x000026c8                CySpcGetAlgorithm
 .text.ADC_SigDel_GainCompensation
                0x000026f0       0xe0 .\CortexM3\ARM_GCC_541\Debug\PSoC_Project.a(ADC_SigDel.o)
 .text.ADC_SigDel_SetDSMRef0Reg
                0x000027d0       0x4c .\CortexM3\ARM_GCC_541\Debug\PSoC_Project.a(ADC_SigDel.o)
 .text.ADC_SigDel_InitConfig
                0x0000281c      0x1a4 .\CortexM3\ARM_GCC_541\Debug\PSoC_Project.a(ADC_SigDel.o)
 .text.ADC_SigDel_Init
                0x000029c0       0xe4 .\CortexM3\ARM_GCC_541\Debug\PSoC_Project.a(ADC_SigDel.o)
                0x000029c0                ADC_SigDel_Init
 .text.ADC_SigDel_Enable
                0x00002aa4       0xd8 .\CortexM3\ARM_GCC_541\Debug\PSoC_Project.a(ADC_SigDel.o)
                0x00002aa4                ADC_SigDel_Enable
 .text.ADC_SigDel_Start
                0x00002b7c       0x28 .\CortexM3\ARM_GCC_541\Debug\PSoC_Project.a(ADC_SigDel.o)
                0x00002b7c                ADC_SigDel_Start
 .text.ADC_SigDel_Stop
                0x00002ba4       0xe4 .\CortexM3\ARM_GCC_541\Debug\PSoC_Project.a(ADC_SigDel.o)
                0x00002ba4                ADC_SigDel_Stop
 .text.ADC_SigDel_StartConvert
                0x00002c88       0x10 .\CortexM3\ARM_GCC_541\Debug\PSoC_Project.a(ADC_SigDel.o)
                0x00002c88                ADC_SigDel_StartConvert
 .text.ADC_SigDel_GetResult16
                0x00002c98       0x50 .\CortexM3\ARM_GCC_541\Debug\PSoC_Project.a(ADC_SigDel.o)
                0x00002c98                ADC_SigDel_GetResult16
 .text.ADC_SigDel_SelectConfiguration
                0x00002ce8       0x64 .\CortexM3\ARM_GCC_541\Debug\PSoC_Project.a(ADC_SigDel.o)
                0x00002ce8                ADC_SigDel_SelectConfiguration
 .text.ADC_SigDel_SaveConfig
                0x00002d4c       0x14 .\CortexM3\ARM_GCC_541\Debug\PSoC_Project.a(ADC_SigDel_PM.o)
                0x00002d4c                ADC_SigDel_SaveConfig
 .text.ADC_SigDel_RestoreConfig
                0x00002d60       0x14 .\CortexM3\ARM_GCC_541\Debug\PSoC_Project.a(ADC_SigDel_PM.o)
                0x00002d60                ADC_SigDel_RestoreConfig
 .text.ADC_SigDel_Sleep
                0x00002d74       0x4c .\CortexM3\ARM_GCC_541\Debug\PSoC_Project.a(ADC_SigDel_PM.o)
                0x00002d74                ADC_SigDel_Sleep
 .text.ADC_SigDel_Wakeup
                0x00002dc0       0x24 .\CortexM3\ARM_GCC_541\Debug\PSoC_Project.a(ADC_SigDel_PM.o)
                0x00002dc0                ADC_SigDel_Wakeup
 .text.ADC_SigDel_ISR1
                0x00002de4        0x4 .\CortexM3\ARM_GCC_541\Debug\PSoC_Project.a(ADC_SigDel_INT.o)
                0x00002de4                ADC_SigDel_ISR1
 .text.ADC_SigDel_ISR2
                0x00002de8        0x4 .\CortexM3\ARM_GCC_541\Debug\PSoC_Project.a(ADC_SigDel_INT.o)
                0x00002de8                ADC_SigDel_ISR2
 .text.ADC_SigDel_Ext_CP_Clk_GetDividerRegister
                0x00002dec        0xc .\CortexM3\ARM_GCC_541\Debug\PSoC_Project.a(ADC_SigDel_Ext_CP_Clk.o)
                0x00002dec                ADC_SigDel_Ext_CP_Clk_GetDividerRegister
 .text.ADC_SigDel_Ext_CP_Clk_SetModeRegister
                0x00002df8       0x14 .\CortexM3\ARM_GCC_541\Debug\PSoC_Project.a(ADC_SigDel_Ext_CP_Clk.o)
                0x00002df8                ADC_SigDel_Ext_CP_Clk_SetModeRegister
 .text.ADC_SigDel_Ext_CP_Clk_GetSourceRegister
                0x00002e0c       0x10 .\CortexM3\ARM_GCC_541\Debug\PSoC_Project.a(ADC_SigDel_Ext_CP_Clk.o)
                0x00002e0c                ADC_SigDel_Ext_CP_Clk_GetSourceRegister
 .text.ADC_SigDel_Ext_CP_Clk_SetDividerRegister
                0x00002e1c       0xdc .\CortexM3\ARM_GCC_541\Debug\PSoC_Project.a(ADC_SigDel_Ext_CP_Clk.o)
                0x00002e1c                ADC_SigDel_Ext_CP_Clk_SetDividerRegister
 .text.ADC_SigDel_theACLK_GetDividerRegister
                0x00002ef8        0xc .\CortexM3\ARM_GCC_541\Debug\PSoC_Project.a(ADC_SigDel_theACLK.o)
                0x00002ef8                ADC_SigDel_theACLK_GetDividerRegister
 .text.ADC_SigDel_theACLK_SetModeRegister
                0x00002f04       0x14 .\CortexM3\ARM_GCC_541\Debug\PSoC_Project.a(ADC_SigDel_theACLK.o)
                0x00002f04                ADC_SigDel_theACLK_SetModeRegister
 .text.ADC_SigDel_theACLK_GetSourceRegister
                0x00002f18       0x10 .\CortexM3\ARM_GCC_541\Debug\PSoC_Project.a(ADC_SigDel_theACLK.o)
                0x00002f18                ADC_SigDel_theACLK_GetSourceRegister
 .text.ADC_SigDel_theACLK_SetDividerRegister
                0x00002f28       0xd8 .\CortexM3\ARM_GCC_541\Debug\PSoC_Project.a(ADC_SigDel_theACLK.o)
                0x00002f28                ADC_SigDel_theACLK_SetDividerRegister
 .text.isr_UART_BT_RX_SetVector
                0x00003000        0xc .\CortexM3\ARM_GCC_541\Debug\PSoC_Project.a(isr_UART_BT_RX.o)
                0x00003000                isr_UART_BT_RX_SetVector
 .text.isr_UART_BT_RX_SetPriority
                0x0000300c       0x10 .\CortexM3\ARM_GCC_541\Debug\PSoC_Project.a(isr_UART_BT_RX.o)
                0x0000300c                isr_UART_BT_RX_SetPriority
 .text.isr_UART_BT_RX_Enable
                0x0000301c        0xc .\CortexM3\ARM_GCC_541\Debug\PSoC_Project.a(isr_UART_BT_RX.o)
                0x0000301c                isr_UART_BT_RX_Enable
 .text.isr_UART_BT_RX_Disable
                0x00003028        0xc .\CortexM3\ARM_GCC_541\Debug\PSoC_Project.a(isr_UART_BT_RX.o)
                0x00003028                isr_UART_BT_RX_Disable
 .text.isr_UART_BT_RX_StartEx
                0x00003034       0x1c .\CortexM3\ARM_GCC_541\Debug\PSoC_Project.a(isr_UART_BT_RX.o)
                0x00003034                isr_UART_BT_RX_StartEx
 .text.LED_DAC_Write
                0x00003050       0x18 .\CortexM3\ARM_GCC_541\Debug\PSoC_Project.a(LED_DAC.o)
                0x00003050                LED_DAC_Write
 .text.LED_ADC_Write
                0x00003068       0x18 .\CortexM3\ARM_GCC_541\Debug\PSoC_Project.a(LED_ADC.o)
                0x00003068                LED_ADC_Write
 .text          0x00003080       0x20 .\CortexM3\ARM_GCC_541\Debug\PSoC_Project.a(CyBootAsmGnu.o)
                0x00003080                CyDelayCycles
                0x00003090                CyEnterCriticalSection
                0x00003098                CyExitCriticalSection
 .text          0x000030a0      0x370 c:/program files (x86)/cypress/psoc creator/4.4/psoc creator/import/gnu/arm/5.4.1/bin/../lib/gcc/arm-none-eabi/5.4.1/armv7-m\libgcc.a(_arm_addsubdf3.o)
                0x000030a0                __aeabi_drsub
                0x000030a8                __aeabi_dsub
                0x000030a8                __subdf3
                0x000030ac                __aeabi_dadd
                0x000030ac                __adddf3
                0x00003324                __floatunsidf
                0x00003324                __aeabi_ui2d
                0x00003344                __floatsidf
                0x00003344                __aeabi_i2d
                0x00003368                __aeabi_f2d
                0x00003368                __extendsfdf2
                0x000033a4                __floatundidf
                0x000033a4                __aeabi_ul2d
                0x000033b4                __floatdidf
                0x000033b4                __aeabi_l2d
 .text          0x00003410      0x424 c:/program files (x86)/cypress/psoc creator/4.4/psoc creator/import/gnu/arm/5.4.1/bin/../lib/gcc/arm-none-eabi/5.4.1/armv7-m\libgcc.a(_arm_muldivdf3.o)
                0x00003410                __aeabi_dmul
                0x00003410                __muldf3
                0x00003664                __divdf3
                0x00003664                __aeabi_ddiv
 .text          0x00003834       0xa0 c:/program files (x86)/cypress/psoc creator/4.4/psoc creator/import/gnu/arm/5.4.1/bin/../lib/gcc/arm-none-eabi/5.4.1/armv7-m\libgcc.a(_arm_truncdfsf2.o)
                0x00003834                __truncdfsf2
                0x00003834                __aeabi_d2f
 .text          0x000038d4       0x4c c:/program files (x86)/cypress/psoc creator/4.4/psoc creator/import/gnu/arm/5.4.1/bin/../lib/gcc/arm-none-eabi/5.4.1/armv7-m\libgcc.a(_arm_fixsfsi.o)
                0x000038d4                __aeabi_f2iz
                0x000038d4                __fixsfsi
 .text.__errno  0x00003920        0xc c:/program files (x86)/cypress/psoc creator/4.4/psoc creator/import/gnu/arm/5.4.1/bin/../lib/gcc/arm-none-eabi/5.4.1/../../../../arm-none-eabi/lib/armv7-m\libg_nano.a(lib_a-errno.o)
                0x00003920                __errno
 .text.__libc_init_array
                0x0000392c       0x4c c:/program files (x86)/cypress/psoc creator/4.4/psoc creator/import/gnu/arm/5.4.1/bin/../lib/gcc/arm-none-eabi/5.4.1/../../../../arm-none-eabi/lib/armv7-m\libg_nano.a(lib_a-init.o)
                0x0000392c                __libc_init_array
 .text.memcpy   0x00003978       0x16 c:/program files (x86)/cypress/psoc creator/4.4/psoc creator/import/gnu/arm/5.4.1/bin/../lib/gcc/arm-none-eabi/5.4.1/../../../../arm-none-eabi/lib/armv7-m\libg_nano.a(lib_a-memcpy-stub.o)
                0x00003978                memcpy
 .text.memset   0x0000398e       0x10 c:/program files (x86)/cypress/psoc creator/4.4/psoc creator/import/gnu/arm/5.4.1/bin/../lib/gcc/arm-none-eabi/5.4.1/../../../../arm-none-eabi/lib/armv7-m\libg_nano.a(lib_a-memset.o)
                0x0000398e                memset
 *fill*         0x0000399e        0x2 
 .text.printf   0x000039a0       0x30 c:/program files (x86)/cypress/psoc creator/4.4/psoc creator/import/gnu/arm/5.4.1/bin/../lib/gcc/arm-none-eabi/5.4.1/../../../../arm-none-eabi/lib/armv7-m\libg_nano.a(lib_a-printf.o)
                0x000039a0                iprintf
                0x000039a0                printf
 .text._cleanup_r
                0x000039d0        0xc c:/program files (x86)/cypress/psoc creator/4.4/psoc creator/import/gnu/arm/5.4.1/bin/../lib/gcc/arm-none-eabi/5.4.1/../../../../arm-none-eabi/lib/armv7-m\libg_nano.a(lib_a-findfp.o)
                0x000039d0                _cleanup_r
 .text.std.isra.0
                0x000039dc       0x48 c:/program files (x86)/cypress/psoc creator/4.4/psoc creator/import/gnu/arm/5.4.1/bin/../lib/gcc/arm-none-eabi/5.4.1/../../../../arm-none-eabi/lib/armv7-m\libg_nano.a(lib_a-findfp.o)
 .text.__sfmoreglue
                0x00003a24       0x2c c:/program files (x86)/cypress/psoc creator/4.4/psoc creator/import/gnu/arm/5.4.1/bin/../lib/gcc/arm-none-eabi/5.4.1/../../../../arm-none-eabi/lib/armv7-m\libg_nano.a(lib_a-findfp.o)
                0x00003a24                __sfmoreglue
 .text.__sinit  0x00003a50       0x60 c:/program files (x86)/cypress/psoc creator/4.4/psoc creator/import/gnu/arm/5.4.1/bin/../lib/gcc/arm-none-eabi/5.4.1/../../../../arm-none-eabi/lib/armv7-m\libg_nano.a(lib_a-findfp.o)
                0x00003a50                __sinit
 .text.__sfp    0x00003ab0       0x78 c:/program files (x86)/cypress/psoc creator/4.4/psoc creator/import/gnu/arm/5.4.1/bin/../lib/gcc/arm-none-eabi/5.4.1/../../../../arm-none-eabi/lib/armv7-m\libg_nano.a(lib_a-findfp.o)
                0x00003ab0                __sfp
 .text._fwalk_reent
                0x00003b28       0x3c c:/program files (x86)/cypress/psoc creator/4.4/psoc creator/import/gnu/arm/5.4.1/bin/../lib/gcc/arm-none-eabi/5.4.1/../../../../arm-none-eabi/lib/armv7-m\libg_nano.a(lib_a-fwalk.o)
                0x00003b28                _fwalk_reent
 .text._malloc_r
                0x00003b64       0xbc c:/program files (x86)/cypress/psoc creator/4.4/psoc creator/import/gnu/arm/5.4.1/bin/../lib/gcc/arm-none-eabi/5.4.1/../../../../arm-none-eabi/lib/armv7-m\libg_nano.a(lib_a-nano-mallocr.o)
                0x00003b64                _malloc_r
 .text.__sfputc_r
                0x00003c20       0x2c c:/program files (x86)/cypress/psoc creator/4.4/psoc creator/import/gnu/arm/5.4.1/bin/../lib/gcc/arm-none-eabi/5.4.1/../../../../arm-none-eabi/lib/armv7-m\libg_nano.a(lib_a-nano-vfprintf.o)
 .text.__sfputs_r
                0x00003c4c       0x24 c:/program files (x86)/cypress/psoc creator/4.4/psoc creator/import/gnu/arm/5.4.1/bin/../lib/gcc/arm-none-eabi/5.4.1/../../../../arm-none-eabi/lib/armv7-m\libg_nano.a(lib_a-nano-vfprintf.o)
                0x00003c4c                __sfputs_r
 .text._vfprintf_r
                0x00003c70      0x238 c:/program files (x86)/cypress/psoc creator/4.4/psoc creator/import/gnu/arm/5.4.1/bin/../lib/gcc/arm-none-eabi/5.4.1/../../../../arm-none-eabi/lib/armv7-m\libg_nano.a(lib_a-nano-vfprintf.o)
                0x00003c70                _vfprintf_r
                0x00003c70                _vfiprintf_r
 .text._printf_common
                0x00003ea8       0xec c:/program files (x86)/cypress/psoc creator/4.4/psoc creator/import/gnu/arm/5.4.1/bin/../lib/gcc/arm-none-eabi/5.4.1/../../../../arm-none-eabi/lib/armv7-m\libg_nano.a(lib_a-nano-vfprintf_i.o)
                0x00003ea8                _printf_common
 .text._printf_i
                0x00003f94      0x24c c:/program files (x86)/cypress/psoc creator/4.4/psoc creator/import/gnu/arm/5.4.1/bin/../lib/gcc/arm-none-eabi/5.4.1/../../../../arm-none-eabi/lib/armv7-m\libg_nano.a(lib_a-nano-vfprintf_i.o)
                0x00003f94                _printf_i
 .text._sbrk_r  0x000041e0       0x20 c:/program files (x86)/cypress/psoc creator/4.4/psoc creator/import/gnu/arm/5.4.1/bin/../lib/gcc/arm-none-eabi/5.4.1/../../../../arm-none-eabi/lib/armv7-m\libg_nano.a(lib_a-sbrkr.o)
                0x000041e0                _sbrk_r
 .text.__sread  0x00004200       0x22 c:/program files (x86)/cypress/psoc creator/4.4/psoc creator/import/gnu/arm/5.4.1/bin/../lib/gcc/arm-none-eabi/5.4.1/../../../../arm-none-eabi/lib/armv7-m\libg_nano.a(lib_a-stdio.o)
                0x00004200                __sread
 .text.__swrite
                0x00004222       0x38 c:/program files (x86)/cypress/psoc creator/4.4/psoc creator/import/gnu/arm/5.4.1/bin/../lib/gcc/arm-none-eabi/5.4.1/../../../../arm-none-eabi/lib/armv7-m\libg_nano.a(lib_a-stdio.o)
                0x00004222                __swrite
 .text.__sseek  0x0000425a       0x24 c:/program files (x86)/cypress/psoc creator/4.4/psoc creator/import/gnu/arm/5.4.1/bin/../lib/gcc/arm-none-eabi/5.4.1/../../../../arm-none-eabi/lib/armv7-m\libg_nano.a(lib_a-stdio.o)
                0x0000425a                __sseek
 .text.__sclose
                0x0000427e        0x8 c:/program files (x86)/cypress/psoc creator/4.4/psoc creator/import/gnu/arm/5.4.1/bin/../lib/gcc/arm-none-eabi/5.4.1/../../../../arm-none-eabi/lib/armv7-m\libg_nano.a(lib_a-stdio.o)
                0x0000427e                __sclose
 *fill*         0x00004286        0x2 
 .text.__swbuf_r
                0x00004288       0xa8 c:/program files (x86)/cypress/psoc creator/4.4/psoc creator/import/gnu/arm/5.4.1/bin/../lib/gcc/arm-none-eabi/5.4.1/../../../../arm-none-eabi/lib/armv7-m\libg_nano.a(lib_a-wbuf.o)
                0x00004288                __swbuf_r
 .text._write_r
                0x00004330       0x24 c:/program files (x86)/cypress/psoc creator/4.4/psoc creator/import/gnu/arm/5.4.1/bin/../lib/gcc/arm-none-eabi/5.4.1/../../../../arm-none-eabi/lib/armv7-m\libg_nano.a(lib_a-writer.o)
                0x00004330                _write_r
 .text.__swsetup_r
                0x00004354       0xdc c:/program files (x86)/cypress/psoc creator/4.4/psoc creator/import/gnu/arm/5.4.1/bin/../lib/gcc/arm-none-eabi/5.4.1/../../../../arm-none-eabi/lib/armv7-m\libg_nano.a(lib_a-wsetup.o)
                0x00004354                __swsetup_r
 .text._close_r
                0x00004430       0x20 c:/program files (x86)/cypress/psoc creator/4.4/psoc creator/import/gnu/arm/5.4.1/bin/../lib/gcc/arm-none-eabi/5.4.1/../../../../arm-none-eabi/lib/armv7-m\libg_nano.a(lib_a-closer.o)
                0x00004430                _close_r
 .text.__sflush_r
                0x00004450      0x10c c:/program files (x86)/cypress/psoc creator/4.4/psoc creator/import/gnu/arm/5.4.1/bin/../lib/gcc/arm-none-eabi/5.4.1/../../../../arm-none-eabi/lib/armv7-m\libg_nano.a(lib_a-fflush.o)
                0x00004450                __sflush_r
 .text._fflush_r
                0x0000455c       0x54 c:/program files (x86)/cypress/psoc creator/4.4/psoc creator/import/gnu/arm/5.4.1/bin/../lib/gcc/arm-none-eabi/5.4.1/../../../../arm-none-eabi/lib/armv7-m\libg_nano.a(lib_a-fflush.o)
                0x0000455c                _fflush_r
 .text._lseek_r
                0x000045b0       0x24 c:/program files (x86)/cypress/psoc creator/4.4/psoc creator/import/gnu/arm/5.4.1/bin/../lib/gcc/arm-none-eabi/5.4.1/../../../../arm-none-eabi/lib/armv7-m\libg_nano.a(lib_a-lseekr.o)
                0x000045b0                _lseek_r
 .text.__swhatbuf_r
                0x000045d4       0x46 c:/program files (x86)/cypress/psoc creator/4.4/psoc creator/import/gnu/arm/5.4.1/bin/../lib/gcc/arm-none-eabi/5.4.1/../../../../arm-none-eabi/lib/armv7-m\libg_nano.a(lib_a-makebuf.o)
                0x000045d4                __swhatbuf_r
 *fill*         0x0000461a        0x2 
 .text.__smakebuf_r
                0x0000461c       0x78 c:/program files (x86)/cypress/psoc creator/4.4/psoc creator/import/gnu/arm/5.4.1/bin/../lib/gcc/arm-none-eabi/5.4.1/../../../../arm-none-eabi/lib/armv7-m\libg_nano.a(lib_a-makebuf.o)
                0x0000461c                __smakebuf_r
 .text.memchr   0x00004694       0x1c c:/program files (x86)/cypress/psoc creator/4.4/psoc creator/import/gnu/arm/5.4.1/bin/../lib/gcc/arm-none-eabi/5.4.1/../../../../arm-none-eabi/lib/armv7-m\libg_nano.a(lib_a-memchr-stub.o)
                0x00004694                memchr
 .text.__malloc_lock
                0x000046b0        0x2 c:/program files (x86)/cypress/psoc creator/4.4/psoc creator/import/gnu/arm/5.4.1/bin/../lib/gcc/arm-none-eabi/5.4.1/../../../../arm-none-eabi/lib/armv7-m\libg_nano.a(lib_a-mlock.o)
                0x000046b0                __malloc_lock
 .text.__malloc_unlock
                0x000046b2        0x2 c:/program files (x86)/cypress/psoc creator/4.4/psoc creator/import/gnu/arm/5.4.1/bin/../lib/gcc/arm-none-eabi/5.4.1/../../../../arm-none-eabi/lib/armv7-m\libg_nano.a(lib_a-mlock.o)
                0x000046b2                __malloc_unlock
 .text._free_r  0x000046b4       0x98 c:/program files (x86)/cypress/psoc creator/4.4/psoc creator/import/gnu/arm/5.4.1/bin/../lib/gcc/arm-none-eabi/5.4.1/../../../../arm-none-eabi/lib/armv7-m\libg_nano.a(lib_a-nano-freer.o)
                0x000046b4                _free_r
 .text._read_r  0x0000474c       0x24 c:/program files (x86)/cypress/psoc creator/4.4/psoc creator/import/gnu/arm/5.4.1/bin/../lib/gcc/arm-none-eabi/5.4.1/../../../../arm-none-eabi/lib/armv7-m\libg_nano.a(lib_a-readr.o)
                0x0000474c                _read_r
 .text._fstat_r
                0x00004770       0x24 c:/program files (x86)/cypress/psoc creator/4.4/psoc creator/import/gnu/arm/5.4.1/bin/../lib/gcc/arm-none-eabi/5.4.1/../../../../arm-none-eabi/lib/armv7-m\libg_nano.a(lib_a-fstatr.o)
                0x00004770                _fstat_r
 .text._isatty_r
                0x00004794       0x20 c:/program files (x86)/cypress/psoc creator/4.4/psoc creator/import/gnu/arm/5.4.1/bin/../lib/gcc/arm-none-eabi/5.4.1/../../../../arm-none-eabi/lib/armv7-m\libg_nano.a(lib_a-isattyr.o)
                0x00004794                _isatty_r
 .text._close   0x000047b4       0x10 c:/program files (x86)/cypress/psoc creator/4.4/psoc creator/import/gnu/arm/5.4.1/bin/../lib/gcc/arm-none-eabi/5.4.1/../../../../arm-none-eabi/lib/armv7-m\libnosys.a(close.o)
                0x000047b4                _close
 .text._fstat   0x000047c4       0x10 c:/program files (x86)/cypress/psoc creator/4.4/psoc creator/import/gnu/arm/5.4.1/bin/../lib/gcc/arm-none-eabi/5.4.1/../../../../arm-none-eabi/lib/armv7-m\libnosys.a(fstat.o)
                0x000047c4                _fstat
 .text._isatty  0x000047d4       0x10 c:/program files (x86)/cypress/psoc creator/4.4/psoc creator/import/gnu/arm/5.4.1/bin/../lib/gcc/arm-none-eabi/5.4.1/../../../../arm-none-eabi/lib/armv7-m\libnosys.a(isatty.o)
                0x000047d4                _isatty
 .text._lseek   0x000047e4       0x10 c:/program files (x86)/cypress/psoc creator/4.4/psoc creator/import/gnu/arm/5.4.1/bin/../lib/gcc/arm-none-eabi/5.4.1/../../../../arm-none-eabi/lib/armv7-m\libnosys.a(lseek.o)
                0x000047e4                _lseek
 .text._read    0x000047f4       0x10 c:/program files (x86)/cypress/psoc creator/4.4/psoc creator/import/gnu/arm/5.4.1/bin/../lib/gcc/arm-none-eabi/5.4.1/../../../../arm-none-eabi/lib/armv7-m\libnosys.a(read.o)
                0x000047f4                _read
 .text._write   0x00004804       0x10 c:/program files (x86)/cypress/psoc creator/4.4/psoc creator/import/gnu/arm/5.4.1/bin/../lib/gcc/arm-none-eabi/5.4.1/../../../../arm-none-eabi/lib/armv7-m\libnosys.a(write.o)
                0x00004804                _write
 *(.plt)
 *(.gnu.warning)
 *(.glue_7t)
 .glue_7t       0x00004814        0x0 linker stubs
 *(.glue_7)
 .glue_7        0x00004814        0x0 linker stubs
 *(.vfp11_veneer)
 .vfp11_veneer  0x00004814        0x0 linker stubs
 *(.bootloader)
 *(.ARM.extab* .gnu.linkonce.armextab.*)
 *(.gcc_except_table)

.v4_bx          0x00004814        0x0
 .v4_bx         0x00004814        0x0 linker stubs

.iplt           0x00004814        0x0
 .iplt          0x00004814        0x0 c:/program files (x86)/cypress/psoc creator/4.4/psoc creator/import/gnu/arm/5.4.1/bin/../lib/gcc/arm-none-eabi/5.4.1/armv7-m/crtbegin.o

.eh_frame_hdr
 *(.eh_frame_hdr)

.eh_frame       0x00004814        0x4
 *(.eh_frame)
 .eh_frame      0x00004814        0x0 c:/program files (x86)/cypress/psoc creator/4.4/psoc creator/import/gnu/arm/5.4.1/bin/../lib/gcc/arm-none-eabi/5.4.1/armv7-m/crtbegin.o
 .eh_frame      0x00004814        0x4 c:/program files (x86)/cypress/psoc creator/4.4/psoc creator/import/gnu/arm/5.4.1/bin/../lib/gcc/arm-none-eabi/5.4.1/armv7-m/crtend.o
                [!provide]                PROVIDE (__exidx_start, .)

.ARM.exidx
 *(.ARM.exidx* .gnu.linkonce.armexidx.*)
                0x00004818                __exidx_end = .

.rodata         0x00004818      0x160
 *(.rodata .rodata.* .gnu.linkonce.r.*)
 .rodata        0x00004818       0x10 .\CortexM3\ARM_GCC_541\Debug\TIA_calibrate.o
                0x00004818                calibrate_TIA_resistor_list
 .rodata.str1.4
                0x00004828        0xb .\CortexM3\ARM_GCC_541\Debug\parametric_lut.o
 *fill*         0x00004833        0x1 
 .rodata.str1.4
                0x00004834        0x8 .\CortexM3\ARM_GCC_541\Debug\BT_protocols.o
                                  0x6 (size before relaxing)
 .rodata        0x0000483c       0x6e .\CortexM3\ARM_GCC_541\Debug\cyfitter_cfg.o
                0x0000483c                AMux_TIA_input__addrTable
                0x00004848                AMux_TIA_input__maskTable
                0x0000484c                AMux_TIA_resistor_bypass__addrTable
                0x00004854                AMux_TIA_resistor_bypass__maskTable
                0x00004858                AMux_V_source__addrTable
                0x00004860                AMux_V_source__maskTable
                0x00004864                AMux_electrode__addrTable
                0x0000486c                AMux_electrode__maskTable
 .rodata.str1.1
                0x000048aa        0x2 c:/program files (x86)/cypress/psoc creator/4.4/psoc creator/import/gnu/arm/5.4.1/bin/../lib/gcc/arm-none-eabi/5.4.1/../../../../arm-none-eabi/lib/armv7-m\libg_nano.a(lib_a-impure.o)
 .rodata._global_impure_ptr
                0x000048ac        0x4 c:/program files (x86)/cypress/psoc creator/4.4/psoc creator/import/gnu/arm/5.4.1/bin/../lib/gcc/arm-none-eabi/5.4.1/../../../../arm-none-eabi/lib/armv7-m\libg_nano.a(lib_a-impure.o)
                0x000048ac                _global_impure_ptr
 .rodata.__sf_fake_stdin
                0x000048b0       0x20 c:/program files (x86)/cypress/psoc creator/4.4/psoc creator/import/gnu/arm/5.4.1/bin/../lib/gcc/arm-none-eabi/5.4.1/../../../../arm-none-eabi/lib/armv7-m\libg_nano.a(lib_a-findfp.o)
                0x000048b0                __sf_fake_stdin
 .rodata.__sf_fake_stdout
                0x000048d0       0x20 c:/program files (x86)/cypress/psoc creator/4.4/psoc creator/import/gnu/arm/5.4.1/bin/../lib/gcc/arm-none-eabi/5.4.1/../../../../arm-none-eabi/lib/armv7-m\libg_nano.a(lib_a-findfp.o)
                0x000048d0                __sf_fake_stdout
 .rodata.__sf_fake_stderr
                0x000048f0       0x20 c:/program files (x86)/cypress/psoc creator/4.4/psoc creator/import/gnu/arm/5.4.1/bin/../lib/gcc/arm-none-eabi/5.4.1/../../../../arm-none-eabi/lib/armv7-m\libg_nano.a(lib_a-findfp.o)
                0x000048f0                __sf_fake_stderr
 .rodata.str1.1
                0x00004910       0x11 c:/program files (x86)/cypress/psoc creator/4.4/psoc creator/import/gnu/arm/5.4.1/bin/../lib/gcc/arm-none-eabi/5.4.1/../../../../arm-none-eabi/lib/armv7-m\libg_nano.a(lib_a-nano-vfprintf.o)
 .rodata.str1.1
                0x00004921       0x22 c:/program files (x86)/cypress/psoc creator/4.4/psoc creator/import/gnu/arm/5.4.1/bin/../lib/gcc/arm-none-eabi/5.4.1/../../../../arm-none-eabi/lib/armv7-m\libg_nano.a(lib_a-nano-vfprintf_i.o)
                0x00004944                . = ALIGN (0x4)
 *fill*         0x00004943        0x1 
 *(.init)
 .init          0x00004944        0x4 c:/program files (x86)/cypress/psoc creator/4.4/psoc creator/import/gnu/arm/5.4.1/bin/../lib/gcc/arm-none-eabi/5.4.1/armv7-m/crti.o
                0x00004944                _init
 .init          0x00004948        0x8 c:/program files (x86)/cypress/psoc creator/4.4/psoc creator/import/gnu/arm/5.4.1/bin/../lib/gcc/arm-none-eabi/5.4.1/armv7-m/crtn.o
                0x00004950                . = ALIGN (0x4)
                0x00004950                __preinit_array_start = .
 *(.preinit_array)
                0x00004950                __preinit_array_end = .
                0x00004950                . = ALIGN (0x4)
                0x00004950                __init_array_start = .
 *(SORT(.init_array.*))
 *(.init_array)
 .init_array    0x00004950        0x4 c:/program files (x86)/cypress/psoc creator/4.4/psoc creator/import/gnu/arm/5.4.1/bin/../lib/gcc/arm-none-eabi/5.4.1/armv7-m/crtbegin.o
 .init_array    0x00004954        0x4 .\CortexM3\ARM_GCC_541\Debug\Cm3Start.o
                0x00004958                __init_array_end = .
                0x00004958                . = ALIGN (0x4)
 *(.fini)
 .fini          0x00004958        0x4 c:/program files (x86)/cypress/psoc creator/4.4/psoc creator/import/gnu/arm/5.4.1/bin/../lib/gcc/arm-none-eabi/5.4.1/armv7-m/crti.o
                0x00004958                _fini
 .fini          0x0000495c        0x8 c:/program files (x86)/cypress/psoc creator/4.4/psoc creator/import/gnu/arm/5.4.1/bin/../lib/gcc/arm-none-eabi/5.4.1/armv7-m/crtn.o
                0x00004964                . = ALIGN (0x4)
                0x00004964                __fini_array_start = .
 *(.fini_array)
 .fini_array    0x00004964        0x4 c:/program files (x86)/cypress/psoc creator/4.4/psoc creator/import/gnu/arm/5.4.1/bin/../lib/gcc/arm-none-eabi/5.4.1/armv7-m/crtbegin.o
 *(SORT(.fini_array.*))
                0x00004968                __fini_array_end = .
                0x00004968                . = ALIGN (0x4)
 *crtbegin.o(.ctors)
 *(EXCLUDE_FILE(*crtend.o) .ctors)
 *(SORT(.ctors.*))
 *crtend.o(.ctors)
                0x00004968                . = ALIGN (0x4)
 *crtbegin.o(.dtors)
 *(EXCLUDE_FILE(*crtend.o) .dtors)
 *(SORT(.dtors.*))
 *crtend.o(.dtors)
                0x00004968                . = ALIGN (0x4)
                0x00004968                __cy_regions = .
                0x00004968        0x4 LONG 0x4978 __cy_region_init_ram
                0x0000496c        0x4 LONG 0x1fff80c8 __cy_region_start_data
                0x00004970        0x4 LONG 0xa8 __cy_region_init_size_ram
                0x00004974        0x4 LONG 0x3c08 __cy_region_zero_size_ram
                0x00004978                __cy_regions_end = .
                0x00004978                . = ALIGN (0x8)
                0x00004978                _etext = .

.cy_checksum_exclude
                0x00004978        0x0
 *(.cy_checksum_exclude)

.ramvectors     0x1fff8000       0xc0
                0x1fff8000                __cy_region_start_ram = .
 *(.ramvectors)
 .ramvectors    0x1fff8000       0xc0 .\CortexM3\ARM_GCC_541\Debug\Cm3Start.o
                0x1fff8000                CyRamVectors

.noinit         0x1fff80c0        0x1
 *(.noinit)
 .noinit        0x1fff80c0        0x1 .\CortexM3\ARM_GCC_541\Debug\PSoC_Project.a(CyLib.o)
                0x1fff80c0                CyResetStatus

.data           0x1fff80c8       0xa8 load address 0x00004978
                0x1fff80c8                __cy_region_start_data = .
 *(.jcr)
 .jcr           0x1fff80c8        0x0 c:/program files (x86)/cypress/psoc creator/4.4/psoc creator/import/gnu/arm/5.4.1/bin/../lib/gcc/arm-none-eabi/5.4.1/armv7-m/crtbegin.o
 .jcr           0x1fff80c8        0x4 c:/program files (x86)/cypress/psoc creator/4.4/psoc creator/import/gnu/arm/5.4.1/bin/../lib/gcc/arm-none-eabi/5.4.1/armv7-m/crtend.o
 *(.got.plt)
 *(.got)
 *(.shdata)
 *(.data .data.* .gnu.linkonce.d.*)
 .data          0x1fff80cc        0x4 .\CortexM3\ARM_GCC_541\Debug\Cm3Start.o
 .data          0x1fff80d0        0x1 .\CortexM3\ARM_GCC_541\Debug\PSoC_Project.a(AMux_TIA_resistor_bypass.o)
 .data          0x1fff80d1        0x1 .\CortexM3\ARM_GCC_541\Debug\PSoC_Project.a(AMux_TIA_input.o)
 .data          0x1fff80d2        0x1 .\CortexM3\ARM_GCC_541\Debug\PSoC_Project.a(AMux_electrode.o)
 .data          0x1fff80d3        0x1 .\CortexM3\ARM_GCC_541\Debug\PSoC_Project.a(AMux_V_source.o)
 .data          0x1fff80d4       0x14 .\CortexM3\ARM_GCC_541\Debug\PSoC_Project.a(DVDAC.o)
 .data          0x1fff80e8        0x1 .\CortexM3\ARM_GCC_541\Debug\PSoC_Project.a(DVDAC_DMA_dma.o)
                0x1fff80e8                DVDAC_DMA_DmaHandle
 *fill*         0x1fff80e9        0x3 
 .data          0x1fff80ec        0x8 .\CortexM3\ARM_GCC_541\Debug\PSoC_Project.a(CyDmac.o)
 .data          0x1fff80f4       0x10 .\CortexM3\ARM_GCC_541\Debug\PSoC_Project.a(CyLib.o)
                0x1fff80f4                cydelay_32k_ms
                0x1fff80f8                cydelay_freq_khz
                0x1fff80fc                cydelay_freq_mhz
                0x1fff8100                cydelay_freq_hz
 .data          0x1fff8104        0x1 .\CortexM3\ARM_GCC_541\Debug\PSoC_Project.a(ADC_SigDel.o)
                0x1fff8104                ADC_SigDel_Config
 *fill*         0x1fff8105        0x3 
 .data          0x1fff8108        0x2 .\CortexM3\ARM_GCC_541\Debug\PSoC_Project.a(ADC_SigDel_PM.o)
 *fill*         0x1fff810a        0x2 
 .data.impure_data
                0x1fff810c       0x60 c:/program files (x86)/cypress/psoc creator/4.4/psoc creator/import/gnu/arm/5.4.1/bin/../lib/gcc/arm-none-eabi/5.4.1/../../../../arm-none-eabi/lib/armv7-m\libg_nano.a(lib_a-impure.o)
 .data._impure_ptr
                0x1fff816c        0x4 c:/program files (x86)/cypress/psoc creator/4.4/psoc creator/import/gnu/arm/5.4.1/bin/../lib/gcc/arm-none-eabi/5.4.1/../../../../arm-none-eabi/lib/armv7-m\libg_nano.a(lib_a-impure.o)
                0x1fff816c                _impure_ptr
                0x1fff8170                . = ALIGN (0x8)
 *(.ram)
                0x1fff8170                _edata = .

.igot.plt       0x1fff8170        0x0 load address 0x00004a20
 .igot.plt      0x1fff8170        0x0 c:/program files (x86)/cypress/psoc creator/4.4/psoc creator/import/gnu/arm/5.4.1/bin/../lib/gcc/arm-none-eabi/5.4.1/armv7-m/crtbegin.o

.bss            0x1fff8170     0x3c08 load address 0x00004a20
                0x1fff8170                PROVIDE (__bss_start__, .)
 *(.shbss)
 *(.bss .bss.* .gnu.linkonce.b.*)
 .bss           0x1fff8170       0x1c c:/program files (x86)/cypress/psoc creator/4.4/psoc creator/import/gnu/arm/5.4.1/bin/../lib/gcc/arm-none-eabi/5.4.1/armv7-m/crtbegin.o
 .bss           0x1fff818c        0x3 .\CortexM3\ARM_GCC_541\Debug\main.o
 *fill*         0x1fff818f        0x1 
 .bss           0x1fff8190        0x5 .\CortexM3\ARM_GCC_541\Debug\TIA_calibrate.o
 .bss           0x1fff8195        0x1 .\CortexM3\ARM_GCC_541\Debug\PSoC_Project.a(IDAC_calibrate.o)
                0x1fff8195                IDAC_calibrate_initVar
 .bss           0x1fff8196        0x1 .\CortexM3\ARM_GCC_541\Debug\PSoC_Project.a(VDAC_TIA.o)
                0x1fff8196                VDAC_TIA_initVar
 *fill*         0x1fff8197        0x1 
 .bss           0x1fff8198        0x2 .\CortexM3\ARM_GCC_541\Debug\PSoC_Project.a(VDAC_TIA_PM.o)
 .bss           0x1fff819a        0x1 .\CortexM3\ARM_GCC_541\Debug\PSoC_Project.a(TIA.o)
                0x1fff819a                TIA_initVar
 *fill*         0x1fff819b        0x1 
 .bss           0x1fff819c        0x4 .\CortexM3\ARM_GCC_541\Debug\PSoC_Project.a(TIA_PM.o)
 .bss           0x1fff81a0        0x2 .\CortexM3\ARM_GCC_541\Debug\PSoC_Project.a(UART_BT.o)
                0x1fff81a0                UART_BT_initVar
 .bss           0x1fff81a2        0x1 .\CortexM3\ARM_GCC_541\Debug\PSoC_Project.a(Opamp_Aux.o)
                0x1fff81a2                Opamp_Aux_initVar
 *fill*         0x1fff81a3        0x1 
 .bss           0x1fff81a4        0x1 .\CortexM3\ARM_GCC_541\Debug\PSoC_Project.a(Opamp_Aux_PM.o)
 .bss           0x1fff81a5        0x2 .\CortexM3\ARM_GCC_541\Debug\PSoC_Project.a(DVDAC.o)
                0x1fff81a6                DVDAC_initVar
 *fill*         0x1fff81a7        0x1 
 .bss           0x1fff81a8        0x1 .\CortexM3\ARM_GCC_541\Debug\PSoC_Project.a(DVDAC_PM.o)
 .bss           0x1fff81a9        0x1 .\CortexM3\ARM_GCC_541\Debug\PSoC_Project.a(VDAC_source.o)
                0x1fff81a9                VDAC_source_initVar
 *fill*         0x1fff81aa        0x2 
 .bss           0x1fff81ac        0x2 .\CortexM3\ARM_GCC_541\Debug\PSoC_Project.a(VDAC_source_PM.o)
 .bss           0x1fff81ae        0x1 .\CortexM3\ARM_GCC_541\Debug\PSoC_Project.a(PWM_isr.o)
                0x1fff81ae                PWM_isr_initVar
 *fill*         0x1fff81af        0x1 
 .bss           0x1fff81b0        0x8 .\CortexM3\ARM_GCC_541\Debug\PSoC_Project.a(PWM_isr_PM.o)
 .bss           0x1fff81b8        0x2 .\CortexM3\ARM_GCC_541\Debug\PSoC_Project.a(DVDAC_VDAC8_PM.o)
 *fill*         0x1fff81ba        0x2 
 .bss           0x1fff81bc        0x8 .\CortexM3\ARM_GCC_541\Debug\PSoC_Project.a(CySpc.o)
                0x1fff81bc                SpcLockState
 .bss           0x1fff81c4       0x10 .\CortexM3\ARM_GCC_541\Debug\PSoC_Project.a(ADC_SigDel.o)
                0x1fff81cc                ADC_SigDel_stopConversion
                0x1fff81cd                ADC_SigDel_convDone
                0x1fff81ce                ADC_SigDel_initVar
                0x1fff81cf                ADC_SigDel_started
                0x1fff81d0                ADC_SigDel_Offset
 .bss.__malloc_sbrk_start
                0x1fff81d4        0x4 c:/program files (x86)/cypress/psoc creator/4.4/psoc creator/import/gnu/arm/5.4.1/bin/../lib/gcc/arm-none-eabi/5.4.1/../../../../arm-none-eabi/lib/armv7-m\libg_nano.a(lib_a-nano-mallocr.o)
                0x1fff81d4                __malloc_sbrk_start
 .bss.__malloc_free_list
                0x1fff81d8        0x4 c:/program files (x86)/cypress/psoc creator/4.4/psoc creator/import/gnu/arm/5.4.1/bin/../lib/gcc/arm-none-eabi/5.4.1/../../../../arm-none-eabi/lib/armv7-m\libg_nano.a(lib_a-nano-mallocr.o)
                0x1fff81d8                __malloc_free_list
 *(COMMON)
 COMMON         0x1fff81dc     0x3b88 .\CortexM3\ARM_GCC_541\Debug\main.o
                0x1fff81dc                waveform_lut
                0x1fffa8f8                data_to_send
                0x1fffa970                finished_procedure_flag
                0x1fffa974                data_long
                0x1fffbcfc                lut_value
                0x1fffbd00                temp
                0x1fffbd14                TIA_resistor_value_index
                0x1fffbd16                dac_ground_value
                0x1fffbd18                tia_calibration_values
                0x1fffbd30                return_value
                0x1fffbd34                calibrate_array
                0x1fffbd48                lut_length
                0x1fffbd4a                selected_voltage_source
                0x1fffbd4c                lut_index
                0x1fffbd50                data_buffer
 COMMON         0x1fffbd64        0x4 .\CortexM3\ARM_GCC_541\Debug\TIA_calibrate.o
                0x1fffbd64                valore_s
                0x1fffbd66                valore
 COMMON         0x1fffbd68        0x2 .\CortexM3\ARM_GCC_541\Debug\PSoC_Project.a(CyFlash.o)
                0x1fffbd68                dieTemperature
 *fill*         0x1fffbd6a        0x2 
 COMMON         0x1fffbd6c        0x4 .\CortexM3\ARM_GCC_541\Debug\PSoC_Project.a(ADC_SigDel.o)
                0x1fffbd6c                ADC_SigDel_CountsPerVolt
 COMMON         0x1fffbd70        0x4 c:/program files (x86)/cypress/psoc creator/4.4/psoc creator/import/gnu/arm/5.4.1/bin/../lib/gcc/arm-none-eabi/5.4.1/../../../../arm-none-eabi/lib/armv7-m\libg_nano.a(lib_a-reent.o)
                0x1fffbd70                errno
                0x1fffbd78                . = ALIGN (0x8)
 *fill*         0x1fffbd74        0x4 
 *(.ram.b)
                0x1fffbd78                _end = .
                0x1fffbd78                __end = .
                0x1fffbd78                PROVIDE (end, .)
                0x1fffbd78                PROVIDE (__bss_end__, .)
                0x00004978                __cy_region_init_ram = LOADADDR (.data)
                0x000000a8                __cy_region_init_size_ram = (_edata - ADDR (.data))
                0x00003c08                __cy_region_zero_size_ram = (_end - _edata)

.heap           0x1fffbd78       0x80 load address 0x00004a20
                0x1fffbd78                . = _end
                0x1fffbdf8                . = (. + 0x80)
 *fill*         0x1fffbd78       0x80 
                0x1fffbdf8                __cy_heap_limit = .

.stack          0x20007800      0x800
                0x20007800                __cy_stack_limit = .
                0x20008000                . = (. + 0x800)
 *fill*         0x20007800      0x800 
                0x00000001                ASSERT ((__cy_stack_limit >= __cy_heap_limit), region RAM overflowed with stack)
                0x00000000                cy_checksum_exclude_size = (CY_APPL_LOADABLE == 0x1)?SIZEOF (.cy_checksum_exclude):0x0
                0x00000001                ASSERT ((cy_checksum_exclude_size <= CY_CHECKSUM_EXCLUDE_SIZE), CY_BOOT: Section .cy_checksum_exclude size exceedes specified limit.)

.cyloadermeta
 *(.cyloadermeta)

.cyloadablemeta
 *(.cyloadablemeta)

.cyconfigecc    0x80000000      0x520
 *(.cyconfigecc)
 .cyconfigecc   0x80000000      0x520 .\CortexM3\ARM_GCC_541\Debug\cymetadata.o
                0x80000000                cy_meta_configecc

.cycustnvl      0x90000000        0x4
 *(.cycustnvl)
 .cycustnvl     0x90000000        0x4 .\CortexM3\ARM_GCC_541\Debug\cymetadata.o
                0x90000000                cy_meta_custnvl

.cywolatch      0x90100000        0x4
 *(.cywolatch)
 .cywolatch     0x90100000        0x4 .\CortexM3\ARM_GCC_541\Debug\cymetadata.o
                0x90100000                cy_meta_wonvl

.cyeeprom       0x90200000        0x0
 *(.cyeeprom)
                0x00000001                ASSERT ((. <= ((0x90200000 + ee_offset) + ee_size)), .cyeeprom data will not fit in EEPROM)

.cyflashprotect
                0x90400000      0x100
 *(.cyflashprotect)
 .cyflashprotect
                0x90400000      0x100 .\CortexM3\ARM_GCC_541\Debug\cymetadata.o
                0x90400000                cy_meta_flashprotect

.cymeta         0x90500000        0xc
 *(.cymeta)
 .cymeta        0x90500000        0xc .\CortexM3\ARM_GCC_541\Debug\cymetadata.o
                0x90500000                cy_metadata

.rel.dyn        0x00004a20        0x0 load address 0x9050000c
 .rel.iplt      0x00004a20        0x0 c:/program files (x86)/cypress/psoc creator/4.4/psoc creator/import/gnu/arm/5.4.1/bin/../lib/gcc/arm-none-eabi/5.4.1/armv7-m/crtbegin.o

.stab           0x00000000       0x9c
 *(.stab)
 .stab          0x00000000       0x24 c:/program files (x86)/cypress/psoc creator/4.4/psoc creator/import/gnu/arm/5.4.1/bin/../lib/gcc/arm-none-eabi/5.4.1/../../../../arm-none-eabi/lib/armv7-m\libnosys.a(close.o)
 .stab          0x00000024       0x18 c:/program files (x86)/cypress/psoc creator/4.4/psoc creator/import/gnu/arm/5.4.1/bin/../lib/gcc/arm-none-eabi/5.4.1/../../../../arm-none-eabi/lib/armv7-m\libnosys.a(fstat.o)
                                 0x24 (size before relaxing)
 .stab          0x0000003c       0x18 c:/program files (x86)/cypress/psoc creator/4.4/psoc creator/import/gnu/arm/5.4.1/bin/../lib/gcc/arm-none-eabi/5.4.1/../../../../arm-none-eabi/lib/armv7-m\libnosys.a(isatty.o)
                                 0x24 (size before relaxing)
 .stab          0x00000054       0x18 c:/program files (x86)/cypress/psoc creator/4.4/psoc creator/import/gnu/arm/5.4.1/bin/../lib/gcc/arm-none-eabi/5.4.1/../../../../arm-none-eabi/lib/armv7-m\libnosys.a(lseek.o)
                                 0x24 (size before relaxing)
 .stab          0x0000006c       0x18 c:/program files (x86)/cypress/psoc creator/4.4/psoc creator/import/gnu/arm/5.4.1/bin/../lib/gcc/arm-none-eabi/5.4.1/../../../../arm-none-eabi/lib/armv7-m\libnosys.a(read.o)
                                 0x24 (size before relaxing)
 .stab          0x00000084       0x18 c:/program files (x86)/cypress/psoc creator/4.4/psoc creator/import/gnu/arm/5.4.1/bin/../lib/gcc/arm-none-eabi/5.4.1/../../../../arm-none-eabi/lib/armv7-m\libnosys.a(write.o)
                                 0x24 (size before relaxing)

.stabstr        0x00000000      0x14d
 *(.stabstr)
 .stabstr       0x00000000      0x14d c:/program files (x86)/cypress/psoc creator/4.4/psoc creator/import/gnu/arm/5.4.1/bin/../lib/gcc/arm-none-eabi/5.4.1/../../../../arm-none-eabi/lib/armv7-m\libnosys.a(close.o)

.debug
 *(.debug)

.line
 *(.line)

.debug_srcinfo
 *(.debug_srcinfo)

.debug_sfnames
 *(.debug_sfnames)

.debug_aranges  0x00000000     0x1430
 *(.debug_aranges)
 .debug_aranges
                0x00000000       0x38 .\CortexM3\ARM_GCC_541\Debug\main.o
 .debug_aranges
                0x00000038       0x38 .\CortexM3\ARM_GCC_541\Debug\TIA_calibrate.o
 .debug_aranges
                0x00000070       0x50 .\CortexM3\ARM_GCC_541\Debug\user_inputs.o
 .debug_aranges
                0x000000c0       0x68 .\CortexM3\ARM_GCC_541\Debug\hardware_management.o
 .debug_aranges
                0x00000128       0x38 .\CortexM3\ARM_GCC_541\Debug\parametric_lut.o
 .debug_aranges
                0x00000160       0x38 .\CortexM3\ARM_GCC_541\Debug\DAC_management.o
 .debug_aranges
                0x00000198       0x38 .\CortexM3\ARM_GCC_541\Debug\BT_protocols.o
 .debug_aranges
                0x000001d0       0x98 .\CortexM3\ARM_GCC_541\Debug\cyfitter_cfg.o
 .debug_aranges
                0x00000268       0x18 .\CortexM3\ARM_GCC_541\Debug\cymetadata.o
 .debug_aranges
                0x00000280       0x48 .\CortexM3\ARM_GCC_541\Debug\Cm3Start.o
 .debug_aranges
                0x000002c8       0x78 .\CortexM3\ARM_GCC_541\Debug\PSoC_Project.a(EEPROM.o)
 .debug_aranges
                0x00000340       0x80 .\CortexM3\ARM_GCC_541\Debug\PSoC_Project.a(isr_dac.o)
 .debug_aranges
                0x000003c0       0x80 .\CortexM3\ARM_GCC_541\Debug\PSoC_Project.a(isr_adc.o)
 .debug_aranges
                0x00000440       0x80 .\CortexM3\ARM_GCC_541\Debug\PSoC_Project.a(isr_adcAmp.o)
 .debug_aranges
                0x000004c0       0x30 .\CortexM3\ARM_GCC_541\Debug\PSoC_Project.a(AMux_TIA_resistor_bypass.o)
 .debug_aranges
                0x000004f0       0x60 .\CortexM3\ARM_GCC_541\Debug\PSoC_Project.a(IDAC_calibrate.o)
 .debug_aranges
                0x00000550       0x30 .\CortexM3\ARM_GCC_541\Debug\PSoC_Project.a(AMux_TIA_input.o)
 .debug_aranges
                0x00000580       0x58 .\CortexM3\ARM_GCC_541\Debug\PSoC_Project.a(VDAC_TIA.o)
 .debug_aranges
                0x000005d8       0x38 .\CortexM3\ARM_GCC_541\Debug\PSoC_Project.a(VDAC_TIA_PM.o)
 .debug_aranges
                0x00000610       0x50 .\CortexM3\ARM_GCC_541\Debug\PSoC_Project.a(TIA.o)
 .debug_aranges
                0x00000660       0x38 .\CortexM3\ARM_GCC_541\Debug\PSoC_Project.a(TIA_PM.o)
 .debug_aranges
                0x00000698       0xf0 .\CortexM3\ARM_GCC_541\Debug\PSoC_Project.a(UART_BT.o)
 .debug_aranges
                0x00000788       0x40 .\CortexM3\ARM_GCC_541\Debug\PSoC_Project.a(Opamp_Aux.o)
 .debug_aranges
                0x000007c8       0x38 .\CortexM3\ARM_GCC_541\Debug\PSoC_Project.a(Opamp_Aux_PM.o)
 .debug_aranges
                0x00000800       0x30 .\CortexM3\ARM_GCC_541\Debug\PSoC_Project.a(AMux_electrode.o)
 .debug_aranges
                0x00000830       0x30 .\CortexM3\ARM_GCC_541\Debug\PSoC_Project.a(AMux_V_source.o)
 .debug_aranges
                0x00000860       0x48 .\CortexM3\ARM_GCC_541\Debug\PSoC_Project.a(DVDAC.o)
 .debug_aranges
                0x000008a8       0x38 .\CortexM3\ARM_GCC_541\Debug\PSoC_Project.a(DVDAC_PM.o)
 .debug_aranges
                0x000008e0       0x58 .\CortexM3\ARM_GCC_541\Debug\PSoC_Project.a(VDAC_source.o)
 .debug_aranges
                0x00000938       0x38 .\CortexM3\ARM_GCC_541\Debug\PSoC_Project.a(VDAC_source_PM.o)
 .debug_aranges
                0x00000970       0x80 .\CortexM3\ARM_GCC_541\Debug\PSoC_Project.a(PWM_isr.o)
 .debug_aranges
                0x000009f0       0x38 .\CortexM3\ARM_GCC_541\Debug\PSoC_Project.a(PWM_isr_PM.o)
 .debug_aranges
                0x00000a28       0x70 .\CortexM3\ARM_GCC_541\Debug\PSoC_Project.a(UART_BT_IntClock.o)
 .debug_aranges
                0x00000a98       0x28 .\CortexM3\ARM_GCC_541\Debug\PSoC_Project.a(DVDAC_DMA_dma.o)
 .debug_aranges
                0x00000ac0       0x58 .\CortexM3\ARM_GCC_541\Debug\PSoC_Project.a(DVDAC_VDAC8.o)
 .debug_aranges
                0x00000b18       0x38 .\CortexM3\ARM_GCC_541\Debug\PSoC_Project.a(DVDAC_VDAC8_PM.o)
 .debug_aranges
                0x00000b50       0x70 .\CortexM3\ARM_GCC_541\Debug\PSoC_Project.a(DVDAC_IntClock.o)
 .debug_aranges
                0x00000bc0       0xd8 .\CortexM3\ARM_GCC_541\Debug\PSoC_Project.a(CyDmac.o)
 .debug_aranges
                0x00000c98       0x88 .\CortexM3\ARM_GCC_541\Debug\PSoC_Project.a(CyFlash.o)
 .debug_aranges
                0x00000d20      0x2a0 .\CortexM3\ARM_GCC_541\Debug\PSoC_Project.a(CyLib.o)
 .debug_aranges
                0x00000fc0       0x98 .\CortexM3\ARM_GCC_541\Debug\PSoC_Project.a(cyPm.o)
 .debug_aranges
                0x00001058       0x80 .\CortexM3\ARM_GCC_541\Debug\PSoC_Project.a(CySpc.o)
 .debug_aranges
                0x000010d8       0xe8 .\CortexM3\ARM_GCC_541\Debug\PSoC_Project.a(ADC_SigDel.o)
 .debug_aranges
                0x000011c0       0x38 .\CortexM3\ARM_GCC_541\Debug\PSoC_Project.a(ADC_SigDel_PM.o)
 .debug_aranges
                0x000011f8       0x38 .\CortexM3\ARM_GCC_541\Debug\PSoC_Project.a(ADC_SigDel_INT.o)
 .debug_aranges
                0x00001230       0x70 .\CortexM3\ARM_GCC_541\Debug\PSoC_Project.a(ADC_SigDel_Ext_CP_Clk.o)
 .debug_aranges
                0x000012a0       0x80 .\CortexM3\ARM_GCC_541\Debug\PSoC_Project.a(ADC_SigDel_theACLK.o)
 .debug_aranges
                0x00001320       0x80 .\CortexM3\ARM_GCC_541\Debug\PSoC_Project.a(isr_UART_BT_RX.o)
 .debug_aranges
                0x000013a0       0x38 .\CortexM3\ARM_GCC_541\Debug\PSoC_Project.a(LED_DAC.o)
 .debug_aranges
                0x000013d8       0x38 .\CortexM3\ARM_GCC_541\Debug\PSoC_Project.a(LED_ADC.o)
 .debug_aranges
                0x00001410       0x20 .\CortexM3\ARM_GCC_541\Debug\PSoC_Project.a(CyBootAsmGnu.o)

.debug_pubnames
 *(.debug_pubnames)

.debug_info     0x00000000     0xc37d
 *(.debug_info .gnu.linkonce.wi.*)
 .debug_info    0x00000000      0x8b1 .\CortexM3\ARM_GCC_541\Debug\main.o
 .debug_info    0x000008b1      0x6d1 .\CortexM3\ARM_GCC_541\Debug\TIA_calibrate.o
 .debug_info    0x00000f82      0x925 .\CortexM3\ARM_GCC_541\Debug\user_inputs.o
 .debug_info    0x000018a7      0x949 .\CortexM3\ARM_GCC_541\Debug\hardware_management.o
 .debug_info    0x000021f0      0x528 .\CortexM3\ARM_GCC_541\Debug\parametric_lut.o
 .debug_info    0x00002718      0x3bb .\CortexM3\ARM_GCC_541\Debug\DAC_management.o
 .debug_info    0x00002ad3      0x47b .\CortexM3\ARM_GCC_541\Debug\BT_protocols.o
 .debug_info    0x00002f4e      0x862 .\CortexM3\ARM_GCC_541\Debug\cyfitter_cfg.o
 .debug_info    0x000037b0      0x136 .\CortexM3\ARM_GCC_541\Debug\cymetadata.o
 .debug_info    0x000038e6      0x3cf .\CortexM3\ARM_GCC_541\Debug\Cm3Start.o
 .debug_info    0x00003cb5      0x630 .\CortexM3\ARM_GCC_541\Debug\PSoC_Project.a(EEPROM.o)
 .debug_info    0x000042e5      0x2d2 .\CortexM3\ARM_GCC_541\Debug\PSoC_Project.a(isr_dac.o)
 .debug_info    0x000045b7      0x2d2 .\CortexM3\ARM_GCC_541\Debug\PSoC_Project.a(isr_adc.o)
 .debug_info    0x00004889      0x2d2 .\CortexM3\ARM_GCC_541\Debug\PSoC_Project.a(isr_adcAmp.o)
 .debug_info    0x00004b5b      0x165 .\CortexM3\ARM_GCC_541\Debug\PSoC_Project.a(AMux_TIA_resistor_bypass.o)
 .debug_info    0x00004cc0      0x20a .\CortexM3\ARM_GCC_541\Debug\PSoC_Project.a(IDAC_calibrate.o)
 .debug_info    0x00004eca      0x165 .\CortexM3\ARM_GCC_541\Debug\PSoC_Project.a(AMux_TIA_input.o)
 .debug_info    0x0000502f      0x1df .\CortexM3\ARM_GCC_541\Debug\PSoC_Project.a(VDAC_TIA.o)
 .debug_info    0x0000520e      0x177 .\CortexM3\ARM_GCC_541\Debug\PSoC_Project.a(VDAC_TIA_PM.o)
 .debug_info    0x00005385      0x1d5 .\CortexM3\ARM_GCC_541\Debug\PSoC_Project.a(TIA.o)
 .debug_info    0x0000555a      0x177 .\CortexM3\ARM_GCC_541\Debug\PSoC_Project.a(TIA_PM.o)
 .debug_info    0x000056d1      0x60c .\CortexM3\ARM_GCC_541\Debug\PSoC_Project.a(UART_BT.o)
 .debug_info    0x00005cdd      0x151 .\CortexM3\ARM_GCC_541\Debug\PSoC_Project.a(Opamp_Aux.o)
 .debug_info    0x00005e2e      0x153 .\CortexM3\ARM_GCC_541\Debug\PSoC_Project.a(Opamp_Aux_PM.o)
 .debug_info    0x00005f81      0x165 .\CortexM3\ARM_GCC_541\Debug\PSoC_Project.a(AMux_electrode.o)
 .debug_info    0x000060e6      0x165 .\CortexM3\ARM_GCC_541\Debug\PSoC_Project.a(AMux_V_source.o)
 .debug_info    0x0000624b      0x343 .\CortexM3\ARM_GCC_541\Debug\PSoC_Project.a(DVDAC.o)
 .debug_info    0x0000658e      0x189 .\CortexM3\ARM_GCC_541\Debug\PSoC_Project.a(DVDAC_PM.o)
 .debug_info    0x00006717      0x1df .\CortexM3\ARM_GCC_541\Debug\PSoC_Project.a(VDAC_source.o)
 .debug_info    0x000068f6      0x177 .\CortexM3\ARM_GCC_541\Debug\PSoC_Project.a(VDAC_source_PM.o)
 .debug_info    0x00006a6d      0x299 .\CortexM3\ARM_GCC_541\Debug\PSoC_Project.a(PWM_isr.o)
 .debug_info    0x00006d06      0x217 .\CortexM3\ARM_GCC_541\Debug\PSoC_Project.a(PWM_isr_PM.o)
 .debug_info    0x00006f1d      0x283 .\CortexM3\ARM_GCC_541\Debug\PSoC_Project.a(UART_BT_IntClock.o)
 .debug_info    0x000071a0      0x1aa .\CortexM3\ARM_GCC_541\Debug\PSoC_Project.a(DVDAC_DMA_dma.o)
 .debug_info    0x0000734a      0x1dd .\CortexM3\ARM_GCC_541\Debug\PSoC_Project.a(DVDAC_VDAC8.o)
 .debug_info    0x00007527      0x177 .\CortexM3\ARM_GCC_541\Debug\PSoC_Project.a(DVDAC_VDAC8_PM.o)
 .debug_info    0x0000769e      0x283 .\CortexM3\ARM_GCC_541\Debug\PSoC_Project.a(DVDAC_IntClock.o)
 .debug_info    0x00007921      0x94e .\CortexM3\ARM_GCC_541\Debug\PSoC_Project.a(CyDmac.o)
 .debug_info    0x0000826f      0x64d .\CortexM3\ARM_GCC_541\Debug\PSoC_Project.a(CyFlash.o)
 .debug_info    0x000088bc     0x1374 .\CortexM3\ARM_GCC_541\Debug\PSoC_Project.a(CyLib.o)
 .debug_info    0x00009c30      0xa2a .\CortexM3\ARM_GCC_541\Debug\PSoC_Project.a(cyPm.o)
 .debug_info    0x0000a65a      0x550 .\CortexM3\ARM_GCC_541\Debug\PSoC_Project.a(CySpc.o)
 .debug_info    0x0000abaa      0xa83 .\CortexM3\ARM_GCC_541\Debug\PSoC_Project.a(ADC_SigDel.o)